<?xml version="1.0" encoding="UTF-8"?>
<TestRun id="715f49b7-aaa8-492c-a0a1-0148238821e0" name="Usuario@NTIVAN 2016-01-13 08:07:17" runUser="NTIVAN\Usuario" xmlns="http://microsoft.com/schemas/VisualStudio/TeamTest/2006">
  <TestRunConfiguration name="Ejecución de pruebas local" id="66229d8a-0786-4fe6-9883-e14c2d82a233">
    <Description>Configuración de ejecución de pruebas predeterminada para una ejecución de pruebas local.</Description>
    <Deployment runDeploymentRoot="D:\Proyectos.Net\Electrodomesticos\TestResults\Usuario_NTIVAN 2016-01-13 08_07_17">
      <DeploymentItem filename="D:\Proyectos.Net\Electrodomesticos\obj\Debug\AxInterop.AcroPDFLib.dll" />
      <DeploymentItem filename="D:\Proyectos.Net\Electrodomesticos\obj\Debug\Interop.OCXFISLib.dll" />
      <DeploymentItem filename="D:\Proyectos.Net\Electrodomesticos\bin\Debug\Super.exe" />
      <DeploymentItem filename="D:\Proyectos.Net\Electrodomesticos\FiscalNET.dll" />
      <DeploymentItem filename="D:\Proyectos.Net\Electrodomesticos\obj\Debug\Interop.AcroPDFLib.dll" />
    </Deployment>
    <TestTypeSpecific />
  </TestRunConfiguration>
  <ResultSummary outcome="Failed">
    <Counters total="55" executed="55" error="0" failed="37" timeout="0" aborted="0" inconclusive="18" passedButRunAborted="0" notRunnable="0" notExecuted="0" disconnected="0" warning="0" passed="0" completed="0" inProgress="0" pending="0" />
  </ResultSummary>
  <Times creation="2016-01-13T08:07:17.1512193-03:00" queuing="2016-01-13T08:07:18.4642658-03:00" start="2016-01-13T08:07:18.8785421-03:00" finish="2016-01-13T08:07:20.9555198-03:00" />
  <TestDefinitions>
    <UnitTest name="CachedCryReciboConstructorTest" storage="d:\proyectos.net\electrodomesticos\testproject1\bin\debug\testproject1.dll" id="0055ee27-db03-15f0-b36a-b90c6f40ca44">
      <Css projectStructure="" iteration="" />
      <Owners>
        <Owner name="" />
      </Owners>
      <Execution id="474cc383-a1f4-433c-b3f4-a121db167879" />
      <TestMethod codeBase="D:\Proyectos.Net\Electrodomesticos\TestProject1\bin\Debug\TestProject1.dll" adapterTypeName="Microsoft.VisualStudio.TestTools.TestTypes.Unit.UnitTestAdapter, Microsoft.VisualStudio.QualityTools.Tips.UnitTest.Adapter, Version=9.0.0.0, Culture=neutral, PublicKeyToken=b03f5f7f11d50a3a" className="TestProject1.CachedCryReciboTest, TestProject1" name="CachedCryReciboConstructorTest" />
    </UnitTest>
    <UnitTest name="CreateReportTest" storage="d:\proyectos.net\electrodomesticos\testproject1\bin\debug\testproject1.dll" id="3c43767c-9985-e5c5-7666-b7f244210708">
      <Css projectStructure="" iteration="" />
      <Owners>
        <Owner name="" />
      </Owners>
      <Execution id="1ff19e6a-b825-4054-9ed6-5e02b5ec35de" />
      <TestMethod codeBase="D:\Proyectos.Net\Electrodomesticos\TestProject1\bin\Debug\TestProject1.dll" adapterTypeName="Microsoft.VisualStudio.TestTools.TestTypes.Unit.UnitTestAdapter, Microsoft.VisualStudio.QualityTools.Tips.UnitTest.Adapter, Version=9.0.0.0, Culture=neutral, PublicKeyToken=b03f5f7f11d50a3a" className="TestProject1.CachedCryReciboTest, TestProject1" name="CreateReportTest" />
    </UnitTest>
    <UnitTest name="ShareDBLogonInfoTest" storage="d:\proyectos.net\electrodomesticos\testproject1\bin\debug\testproject1.dll" id="1dc52c5d-3e37-e198-b650-867f9ba58074">
      <Css projectStructure="" iteration="" />
      <Owners>
        <Owner name="" />
      </Owners>
      <Execution id="2c232cc0-46af-4647-a15c-d3465a9b82ed" />
      <TestMethod codeBase="D:\Proyectos.Net\Electrodomesticos\TestProject1\bin\Debug\TestProject1.dll" adapterTypeName="Microsoft.VisualStudio.TestTools.TestTypes.Unit.UnitTestAdapter, Microsoft.VisualStudio.QualityTools.Tips.UnitTest.Adapter, Version=9.0.0.0, Culture=neutral, PublicKeyToken=b03f5f7f11d50a3a" className="TestProject1.CachedCryRcuenProTest, TestProject1" name="ShareDBLogonInfoTest" />
    </UnitTest>
    <UnitTest name="IsCacheableTest" storage="d:\proyectos.net\electrodomesticos\testproject1\bin\debug\testproject1.dll" id="2bc9b6b4-89c6-0eab-e860-e2886e7ed26b">
      <Css projectStructure="" iteration="" />
      <Owners>
        <Owner name="" />
      </Owners>
      <Execution id="fb1f7d90-6107-4847-99e3-f3b934e3b661" />
      <TestMethod codeBase="D:\Proyectos.Net\Electrodomesticos\TestProject1\bin\Debug\TestProject1.dll" adapterTypeName="Microsoft.VisualStudio.TestTools.TestTypes.Unit.UnitTestAdapter, Microsoft.VisualStudio.QualityTools.Tips.UnitTest.Adapter, Version=9.0.0.0, Culture=neutral, PublicKeyToken=b03f5f7f11d50a3a" className="TestProject1.CachedCryDetVenTest, TestProject1" name="IsCacheableTest" />
    </UnitTest>
    <UnitTest name="IsCacheableTest" storage="d:\proyectos.net\electrodomesticos\testproject1\bin\debug\testproject1.dll" id="edad2d04-4402-ff67-372a-e485f4f73632">
      <Css projectStructure="" iteration="" />
      <Owners>
        <Owner name="" />
      </Owners>
      <Execution id="6eee4324-0bd0-49f0-9898-11686d858862" />
      <TestMethod codeBase="D:\Proyectos.Net\Electrodomesticos\TestProject1\bin\Debug\TestProject1.dll" adapterTypeName="Microsoft.VisualStudio.TestTools.TestTypes.Unit.UnitTestAdapter, Microsoft.VisualStudio.QualityTools.Tips.UnitTest.Adapter, Version=9.0.0.0, Culture=neutral, PublicKeyToken=b03f5f7f11d50a3a" className="TestProject1.CachedCryPresupuestoTest, TestProject1" name="IsCacheableTest" />
    </UnitTest>
    <UnitTest name="CachedCryDetVenConstructorTest" storage="d:\proyectos.net\electrodomesticos\testproject1\bin\debug\testproject1.dll" id="da5a6e7d-b958-3b9d-d7c1-5bb2ae2909d7">
      <Css projectStructure="" iteration="" />
      <Owners>
        <Owner name="" />
      </Owners>
      <Execution id="ea4928b9-e4b9-497c-ba87-52d22ac52e61" />
      <TestMethod codeBase="D:\Proyectos.Net\Electrodomesticos\TestProject1\bin\Debug\TestProject1.dll" adapterTypeName="Microsoft.VisualStudio.TestTools.TestTypes.Unit.UnitTestAdapter, Microsoft.VisualStudio.QualityTools.Tips.UnitTest.Adapter, Version=9.0.0.0, Culture=neutral, PublicKeyToken=b03f5f7f11d50a3a" className="TestProject1.CachedCryDetVenTest, TestProject1" name="CachedCryDetVenConstructorTest" />
    </UnitTest>
    <UnitTest name="CachedCryRcuenProConstructorTest" storage="d:\proyectos.net\electrodomesticos\testproject1\bin\debug\testproject1.dll" id="a883e6cb-2eb2-7d7c-5bee-8183ad325696">
      <Css projectStructure="" iteration="" />
      <Owners>
        <Owner name="" />
      </Owners>
      <Execution id="6fb22306-9cca-4b3d-bda0-e5db4f009318" />
      <TestMethod codeBase="D:\Proyectos.Net\Electrodomesticos\TestProject1\bin\Debug\TestProject1.dll" adapterTypeName="Microsoft.VisualStudio.TestTools.TestTypes.Unit.UnitTestAdapter, Microsoft.VisualStudio.QualityTools.Tips.UnitTest.Adapter, Version=9.0.0.0, Culture=neutral, PublicKeyToken=b03f5f7f11d50a3a" className="TestProject1.CachedCryRcuenProTest, TestProject1" name="CachedCryRcuenProConstructorTest" />
    </UnitTest>
    <UnitTest name="GetCustomizedCacheKeyTest" storage="d:\proyectos.net\electrodomesticos\testproject1\bin\debug\testproject1.dll" id="059b06d8-72ff-d18a-8faa-030264bb8bb1">
      <Css projectStructure="" iteration="" />
      <Owners>
        <Owner name="" />
      </Owners>
      <Execution id="ffb43f20-f2d5-44a9-b90c-afe755b736a6" />
      <TestMethod codeBase="D:\Proyectos.Net\Electrodomesticos\TestProject1\bin\Debug\TestProject1.dll" adapterTypeName="Microsoft.VisualStudio.TestTools.TestTypes.Unit.UnitTestAdapter, Microsoft.VisualStudio.QualityTools.Tips.UnitTest.Adapter, Version=9.0.0.0, Culture=neutral, PublicKeyToken=b03f5f7f11d50a3a" className="TestProject1.CachedCryRcuenProTest, TestProject1" name="GetCustomizedCacheKeyTest" />
    </UnitTest>
    <UnitTest name="ShareDBLogonInfoTest" storage="d:\proyectos.net\electrodomesticos\testproject1\bin\debug\testproject1.dll" id="045954f0-58a1-44d3-7628-f98a7662279f">
      <Css projectStructure="" iteration="" />
      <Owners>
        <Owner name="" />
      </Owners>
      <Execution id="6a83c4cb-d16b-48fc-8ae9-7b9994244d06" />
      <TestMethod codeBase="D:\Proyectos.Net\Electrodomesticos\TestProject1\bin\Debug\TestProject1.dll" adapterTypeName="Microsoft.VisualStudio.TestTools.TestTypes.Unit.UnitTestAdapter, Microsoft.VisualStudio.QualityTools.Tips.UnitTest.Adapter, Version=9.0.0.0, Culture=neutral, PublicKeyToken=b03f5f7f11d50a3a" className="TestProject1.CachedCrySaldosTest, TestProject1" name="ShareDBLogonInfoTest" />
    </UnitTest>
    <UnitTest name="CreateReportTest" storage="d:\proyectos.net\electrodomesticos\testproject1\bin\debug\testproject1.dll" id="8c0cc0c0-6e89-1c7f-c419-ba8f2f463213">
      <Css projectStructure="" iteration="" />
      <Owners>
        <Owner name="" />
      </Owners>
      <Execution id="fece2b2f-d01d-4618-aa1d-27ac0bf08e6c" />
      <TestMethod codeBase="D:\Proyectos.Net\Electrodomesticos\TestProject1\bin\Debug\TestProject1.dll" adapterTypeName="Microsoft.VisualStudio.TestTools.TestTypes.Unit.UnitTestAdapter, Microsoft.VisualStudio.QualityTools.Tips.UnitTest.Adapter, Version=9.0.0.0, Culture=neutral, PublicKeyToken=b03f5f7f11d50a3a" className="TestProject1.CachedCryIvaComprasTest, TestProject1" name="CreateReportTest" />
    </UnitTest>
    <UnitTest name="CreateReportTest" storage="d:\proyectos.net\electrodomesticos\testproject1\bin\debug\testproject1.dll" id="a000ac3a-b3cf-7dc9-9ee2-0e04691f4271">
      <Css projectStructure="" iteration="" />
      <Owners>
        <Owner name="" />
      </Owners>
      <Execution id="a35a8dae-1ac5-4d1f-8843-588853dd0dcf" />
      <TestMethod codeBase="D:\Proyectos.Net\Electrodomesticos\TestProject1\bin\Debug\TestProject1.dll" adapterTypeName="Microsoft.VisualStudio.TestTools.TestTypes.Unit.UnitTestAdapter, Microsoft.VisualStudio.QualityTools.Tips.UnitTest.Adapter, Version=9.0.0.0, Culture=neutral, PublicKeyToken=b03f5f7f11d50a3a" className="TestProject1.CachedCryDetVenTest, TestProject1" name="CreateReportTest" />
    </UnitTest>
    <UnitTest name="CachedCryPresupuestoConstructorTest" storage="d:\proyectos.net\electrodomesticos\testproject1\bin\debug\testproject1.dll" id="5df935ca-425b-110e-7545-c5888243e40d">
      <Css projectStructure="" iteration="" />
      <Owners>
        <Owner name="" />
      </Owners>
      <Execution id="06aadfeb-e742-4766-bd6d-74d1359cc94f" />
      <TestMethod codeBase="D:\Proyectos.Net\Electrodomesticos\TestProject1\bin\Debug\TestProject1.dll" adapterTypeName="Microsoft.VisualStudio.TestTools.TestTypes.Unit.UnitTestAdapter, Microsoft.VisualStudio.QualityTools.Tips.UnitTest.Adapter, Version=9.0.0.0, Culture=neutral, PublicKeyToken=b03f5f7f11d50a3a" className="TestProject1.CachedCryPresupuestoTest, TestProject1" name="CachedCryPresupuestoConstructorTest" />
    </UnitTest>
    <UnitTest name="ShareDBLogonInfoTest" storage="d:\proyectos.net\electrodomesticos\testproject1\bin\debug\testproject1.dll" id="872cf683-6b93-cca5-b2ea-1cfc270ce02c">
      <Css projectStructure="" iteration="" />
      <Owners>
        <Owner name="" />
      </Owners>
      <Execution id="d03e8041-9a8a-407e-8de1-c7888e8b90b5" />
      <TestMethod codeBase="D:\Proyectos.Net\Electrodomesticos\TestProject1\bin\Debug\TestProject1.dll" adapterTypeName="Microsoft.VisualStudio.TestTools.TestTypes.Unit.UnitTestAdapter, Microsoft.VisualStudio.QualityTools.Tips.UnitTest.Adapter, Version=9.0.0.0, Culture=neutral, PublicKeyToken=b03f5f7f11d50a3a" className="TestProject1.CachedCryReciboTest, TestProject1" name="ShareDBLogonInfoTest" />
    </UnitTest>
    <UnitTest name="GetCustomizedCacheKeyTest" storage="d:\proyectos.net\electrodomesticos\testproject1\bin\debug\testproject1.dll" id="f9f3809d-e0ab-887c-e1be-efe95001befe">
      <Css projectStructure="" iteration="" />
      <Owners>
        <Owner name="" />
      </Owners>
      <Execution id="d6d2fc92-ddc9-4c1e-9385-6e18377c6943" />
      <TestMethod codeBase="D:\Proyectos.Net\Electrodomesticos\TestProject1\bin\Debug\TestProject1.dll" adapterTypeName="Microsoft.VisualStudio.TestTools.TestTypes.Unit.UnitTestAdapter, Microsoft.VisualStudio.QualityTools.Tips.UnitTest.Adapter, Version=9.0.0.0, Culture=neutral, PublicKeyToken=b03f5f7f11d50a3a" className="TestProject1.CachedCryReciboTest, TestProject1" name="GetCustomizedCacheKeyTest" />
    </UnitTest>
    <UnitTest name="IsCacheableTest" storage="d:\proyectos.net\electrodomesticos\testproject1\bin\debug\testproject1.dll" id="48356080-96ea-a088-861a-9579a93ce5eb">
      <Css projectStructure="" iteration="" />
      <Owners>
        <Owner name="" />
      </Owners>
      <Execution id="6e74ee5d-4da0-483e-a870-0096f483b6b1" />
      <TestMethod codeBase="D:\Proyectos.Net\Electrodomesticos\TestProject1\bin\Debug\TestProject1.dll" adapterTypeName="Microsoft.VisualStudio.TestTools.TestTypes.Unit.UnitTestAdapter, Microsoft.VisualStudio.QualityTools.Tips.UnitTest.Adapter, Version=9.0.0.0, Culture=neutral, PublicKeyToken=b03f5f7f11d50a3a" className="TestProject1.CachedCryIvaVentasTest, TestProject1" name="IsCacheableTest" />
    </UnitTest>
    <UnitTest name="IsCacheableTest" storage="d:\proyectos.net\electrodomesticos\testproject1\bin\debug\testproject1.dll" id="441c275f-c39b-d2e3-ab42-db14ee4f6dc8">
      <Css projectStructure="" iteration="" />
      <Owners>
        <Owner name="" />
      </Owners>
      <Execution id="c6d395ac-f53f-4ef1-96f8-d02bb524c620" />
      <TestMethod codeBase="D:\Proyectos.Net\Electrodomesticos\TestProject1\bin\Debug\TestProject1.dll" adapterTypeName="Microsoft.VisualStudio.TestTools.TestTypes.Unit.UnitTestAdapter, Microsoft.VisualStudio.QualityTools.Tips.UnitTest.Adapter, Version=9.0.0.0, Culture=neutral, PublicKeyToken=b03f5f7f11d50a3a" className="TestProject1.CachedCryRcuenProTest, TestProject1" name="IsCacheableTest" />
    </UnitTest>
    <UnitTest name="ShareDBLogonInfoTest" storage="d:\proyectos.net\electrodomesticos\testproject1\bin\debug\testproject1.dll" id="81171e65-13b3-dfa5-4d5c-4176bfc246b4">
      <Css projectStructure="" iteration="" />
      <Owners>
        <Owner name="" />
      </Owners>
      <Execution id="7b826881-8809-4253-ad33-dba555e1d27c" />
      <TestMethod codeBase="D:\Proyectos.Net\Electrodomesticos\TestProject1\bin\Debug\TestProject1.dll" adapterTypeName="Microsoft.VisualStudio.TestTools.TestTypes.Unit.UnitTestAdapter, Microsoft.VisualStudio.QualityTools.Tips.UnitTest.Adapter, Version=9.0.0.0, Culture=neutral, PublicKeyToken=b03f5f7f11d50a3a" className="TestProject1.CachedCryRcuenCliTest, TestProject1" name="ShareDBLogonInfoTest" />
    </UnitTest>
    <UnitTest name="DtcRecibo_ComprobanteDataTableConstructorTest" storage="d:\proyectos.net\electrodomesticos\testproject1\bin\debug\testproject1.dll" id="43c8ba4e-d1db-64fe-fd99-094edca978cf">
      <Css projectStructure="" iteration="" />
      <Owners>
        <Owner name="" />
      </Owners>
      <DeploymentItems>
        <DeploymentItem filename="Super.exe" />
      </DeploymentItems>
      <Execution id="93deaeed-eefe-4d6e-bf69-964722020deb" />
      <TestMethod codeBase="D:\Proyectos.Net\Electrodomesticos\TestProject1\bin\Debug\TestProject1.dll" adapterTypeName="Microsoft.VisualStudio.TestTools.TestTypes.Unit.UnitTestAdapter, Microsoft.VisualStudio.QualityTools.Tips.UnitTest.Adapter, Version=9.0.0.0, Culture=neutral, PublicKeyToken=b03f5f7f11d50a3a" className="TestProject1.DtcRecibo_ComprobanteDataTableTest, TestProject1" name="DtcRecibo_ComprobanteDataTableConstructorTest" />
    </UnitTest>
    <UnitTest name="ShareDBLogonInfoTest" storage="d:\proyectos.net\electrodomesticos\testproject1\bin\debug\testproject1.dll" id="f2fe63f0-4478-7b7b-bd25-44ea4473519d">
      <Css projectStructure="" iteration="" />
      <Owners>
        <Owner name="" />
      </Owners>
      <Execution id="54f46351-f2ea-42a0-a211-6a7d30813724" />
      <TestMethod codeBase="D:\Proyectos.Net\Electrodomesticos\TestProject1\bin\Debug\TestProject1.dll" adapterTypeName="Microsoft.VisualStudio.TestTools.TestTypes.Unit.UnitTestAdapter, Microsoft.VisualStudio.QualityTools.Tips.UnitTest.Adapter, Version=9.0.0.0, Culture=neutral, PublicKeyToken=b03f5f7f11d50a3a" className="TestProject1.CachedCryIvaVentasTest, TestProject1" name="ShareDBLogonInfoTest" />
    </UnitTest>
    <UnitTest name="CacheTimeOutTest" storage="d:\proyectos.net\electrodomesticos\testproject1\bin\debug\testproject1.dll" id="f8990b1d-c48a-3414-d201-d7435c02494f">
      <Css projectStructure="" iteration="" />
      <Owners>
        <Owner name="" />
      </Owners>
      <Execution id="f1aa6867-b132-48aa-9ce7-5b421a2fc180" />
      <TestMethod codeBase="D:\Proyectos.Net\Electrodomesticos\TestProject1\bin\Debug\TestProject1.dll" adapterTypeName="Microsoft.VisualStudio.TestTools.TestTypes.Unit.UnitTestAdapter, Microsoft.VisualStudio.QualityTools.Tips.UnitTest.Adapter, Version=9.0.0.0, Culture=neutral, PublicKeyToken=b03f5f7f11d50a3a" className="TestProject1.CachedCryIvaVentasTest, TestProject1" name="CacheTimeOutTest" />
    </UnitTest>
    <UnitTest name="GetCustomizedCacheKeyTest" storage="d:\proyectos.net\electrodomesticos\testproject1\bin\debug\testproject1.dll" id="ee6191bd-2685-9940-ab51-815288298a19">
      <Css projectStructure="" iteration="" />
      <Owners>
        <Owner name="" />
      </Owners>
      <Execution id="9d47827a-227a-4c9b-931d-06ef18e9436a" />
      <TestMethod codeBase="D:\Proyectos.Net\Electrodomesticos\TestProject1\bin\Debug\TestProject1.dll" adapterTypeName="Microsoft.VisualStudio.TestTools.TestTypes.Unit.UnitTestAdapter, Microsoft.VisualStudio.QualityTools.Tips.UnitTest.Adapter, Version=9.0.0.0, Culture=neutral, PublicKeyToken=b03f5f7f11d50a3a" className="TestProject1.CachedCryRemitoTest, TestProject1" name="GetCustomizedCacheKeyTest" />
    </UnitTest>
    <UnitTest name="CachedCryIvaVentasConstructorTest" storage="d:\proyectos.net\electrodomesticos\testproject1\bin\debug\testproject1.dll" id="09e0f863-09d6-b76d-b04a-0e37d04800a7">
      <Css projectStructure="" iteration="" />
      <Owners>
        <Owner name="" />
      </Owners>
      <Execution id="e1f004d4-db61-4d9a-867d-862ad0c35cf7" />
      <TestMethod codeBase="D:\Proyectos.Net\Electrodomesticos\TestProject1\bin\Debug\TestProject1.dll" adapterTypeName="Microsoft.VisualStudio.TestTools.TestTypes.Unit.UnitTestAdapter, Microsoft.VisualStudio.QualityTools.Tips.UnitTest.Adapter, Version=9.0.0.0, Culture=neutral, PublicKeyToken=b03f5f7f11d50a3a" className="TestProject1.CachedCryIvaVentasTest, TestProject1" name="CachedCryIvaVentasConstructorTest" />
    </UnitTest>
    <UnitTest name="GetCustomizedCacheKeyTest" storage="d:\proyectos.net\electrodomesticos\testproject1\bin\debug\testproject1.dll" id="b957b282-66cf-9d5d-b1c9-00e219d95f5f">
      <Css projectStructure="" iteration="" />
      <Owners>
        <Owner name="" />
      </Owners>
      <Execution id="ea8366db-efa5-4789-b8e3-2258bd411694" />
      <TestMethod codeBase="D:\Proyectos.Net\Electrodomesticos\TestProject1\bin\Debug\TestProject1.dll" adapterTypeName="Microsoft.VisualStudio.TestTools.TestTypes.Unit.UnitTestAdapter, Microsoft.VisualStudio.QualityTools.Tips.UnitTest.Adapter, Version=9.0.0.0, Culture=neutral, PublicKeyToken=b03f5f7f11d50a3a" className="TestProject1.CachedCryDetVenTest, TestProject1" name="GetCustomizedCacheKeyTest" />
    </UnitTest>
    <UnitTest name="CreateReportTest" storage="d:\proyectos.net\electrodomesticos\testproject1\bin\debug\testproject1.dll" id="4d40c7a3-99b0-4930-5cca-b071aee9869b">
      <Css projectStructure="" iteration="" />
      <Owners>
        <Owner name="" />
      </Owners>
      <Execution id="7cb59011-1d23-4b0f-807d-0d26cbe29268" />
      <TestMethod codeBase="D:\Proyectos.Net\Electrodomesticos\TestProject1\bin\Debug\TestProject1.dll" adapterTypeName="Microsoft.VisualStudio.TestTools.TestTypes.Unit.UnitTestAdapter, Microsoft.VisualStudio.QualityTools.Tips.UnitTest.Adapter, Version=9.0.0.0, Culture=neutral, PublicKeyToken=b03f5f7f11d50a3a" className="TestProject1.CachedCryRcuenCliTest, TestProject1" name="CreateReportTest" />
    </UnitTest>
    <UnitTest name="CacheTimeOutTest" storage="d:\proyectos.net\electrodomesticos\testproject1\bin\debug\testproject1.dll" id="a4bd3537-8def-4f80-1731-34924e9f5cd7">
      <Css projectStructure="" iteration="" />
      <Owners>
        <Owner name="" />
      </Owners>
      <Execution id="42d542a0-4e29-49a1-bf3e-1f8a5f264654" />
      <TestMethod codeBase="D:\Proyectos.Net\Electrodomesticos\TestProject1\bin\Debug\TestProject1.dll" adapterTypeName="Microsoft.VisualStudio.TestTools.TestTypes.Unit.UnitTestAdapter, Microsoft.VisualStudio.QualityTools.Tips.UnitTest.Adapter, Version=9.0.0.0, Culture=neutral, PublicKeyToken=b03f5f7f11d50a3a" className="TestProject1.CachedCryRcuenCliTest, TestProject1" name="CacheTimeOutTest" />
    </UnitTest>
    <UnitTest name="IsCacheableTest" storage="d:\proyectos.net\electrodomesticos\testproject1\bin\debug\testproject1.dll" id="ba4abc08-a1b7-fe98-b626-723fcacbd3a7">
      <Css projectStructure="" iteration="" />
      <Owners>
        <Owner name="" />
      </Owners>
      <Execution id="7bb0a266-7915-434e-9809-df039301f23c" />
      <TestMethod codeBase="D:\Proyectos.Net\Electrodomesticos\TestProject1\bin\Debug\TestProject1.dll" adapterTypeName="Microsoft.VisualStudio.TestTools.TestTypes.Unit.UnitTestAdapter, Microsoft.VisualStudio.QualityTools.Tips.UnitTest.Adapter, Version=9.0.0.0, Culture=neutral, PublicKeyToken=b03f5f7f11d50a3a" className="TestProject1.CachedCryRcuenCliTest, TestProject1" name="IsCacheableTest" />
    </UnitTest>
    <UnitTest name="CachedCrySaldosConstructorTest" storage="d:\proyectos.net\electrodomesticos\testproject1\bin\debug\testproject1.dll" id="a436d66d-8ea9-e3be-7bdd-223c4e68e53a">
      <Css projectStructure="" iteration="" />
      <Owners>
        <Owner name="" />
      </Owners>
      <Execution id="aae8c95a-cb72-4d58-9b7c-ad64778b8434" />
      <TestMethod codeBase="D:\Proyectos.Net\Electrodomesticos\TestProject1\bin\Debug\TestProject1.dll" adapterTypeName="Microsoft.VisualStudio.TestTools.TestTypes.Unit.UnitTestAdapter, Microsoft.VisualStudio.QualityTools.Tips.UnitTest.Adapter, Version=9.0.0.0, Culture=neutral, PublicKeyToken=b03f5f7f11d50a3a" className="TestProject1.CachedCrySaldosTest, TestProject1" name="CachedCrySaldosConstructorTest" />
    </UnitTest>
    <UnitTest name="IsCacheableTest" storage="d:\proyectos.net\electrodomesticos\testproject1\bin\debug\testproject1.dll" id="2e7637f6-522d-7840-755d-30282e72a76f">
      <Css projectStructure="" iteration="" />
      <Owners>
        <Owner name="" />
      </Owners>
      <Execution id="02ed929c-6a51-400c-a4d7-e55d3a6745e9" />
      <TestMethod codeBase="D:\Proyectos.Net\Electrodomesticos\TestProject1\bin\Debug\TestProject1.dll" adapterTypeName="Microsoft.VisualStudio.TestTools.TestTypes.Unit.UnitTestAdapter, Microsoft.VisualStudio.QualityTools.Tips.UnitTest.Adapter, Version=9.0.0.0, Culture=neutral, PublicKeyToken=b03f5f7f11d50a3a" className="TestProject1.CachedCryReciboTest, TestProject1" name="IsCacheableTest" />
    </UnitTest>
    <UnitTest name="CreateReportTest" storage="d:\proyectos.net\electrodomesticos\testproject1\bin\debug\testproject1.dll" id="76810870-2418-1636-bbe8-930c32d5ff8f">
      <Css projectStructure="" iteration="" />
      <Owners>
        <Owner name="" />
      </Owners>
      <Execution id="489242e4-28a4-41ef-b6f2-37469fd112cf" />
      <TestMethod codeBase="D:\Proyectos.Net\Electrodomesticos\TestProject1\bin\Debug\TestProject1.dll" adapterTypeName="Microsoft.VisualStudio.TestTools.TestTypes.Unit.UnitTestAdapter, Microsoft.VisualStudio.QualityTools.Tips.UnitTest.Adapter, Version=9.0.0.0, Culture=neutral, PublicKeyToken=b03f5f7f11d50a3a" className="TestProject1.CachedCrySaldosTest, TestProject1" name="CreateReportTest" />
    </UnitTest>
    <UnitTest name="CreateReportTest" storage="d:\proyectos.net\electrodomesticos\testproject1\bin\debug\testproject1.dll" id="1847a43c-1537-d8c4-724e-1b749234b0c3">
      <Css projectStructure="" iteration="" />
      <Owners>
        <Owner name="" />
      </Owners>
      <Execution id="175200ee-9f62-46ac-9180-169cc927934d" />
      <TestMethod codeBase="D:\Proyectos.Net\Electrodomesticos\TestProject1\bin\Debug\TestProject1.dll" adapterTypeName="Microsoft.VisualStudio.TestTools.TestTypes.Unit.UnitTestAdapter, Microsoft.VisualStudio.QualityTools.Tips.UnitTest.Adapter, Version=9.0.0.0, Culture=neutral, PublicKeyToken=b03f5f7f11d50a3a" className="TestProject1.CachedCryRemitoTest, TestProject1" name="CreateReportTest" />
    </UnitTest>
    <UnitTest name="CacheTimeOutTest" storage="d:\proyectos.net\electrodomesticos\testproject1\bin\debug\testproject1.dll" id="fef00f9b-0352-e80f-0b91-72a3cc1f81c0">
      <Css projectStructure="" iteration="" />
      <Owners>
        <Owner name="" />
      </Owners>
      <Execution id="e55b8f7c-5e11-4da9-b660-ad625413dfd8" />
      <TestMethod codeBase="D:\Proyectos.Net\Electrodomesticos\TestProject1\bin\Debug\TestProject1.dll" adapterTypeName="Microsoft.VisualStudio.TestTools.TestTypes.Unit.UnitTestAdapter, Microsoft.VisualStudio.QualityTools.Tips.UnitTest.Adapter, Version=9.0.0.0, Culture=neutral, PublicKeyToken=b03f5f7f11d50a3a" className="TestProject1.CachedCryRcuenProTest, TestProject1" name="CacheTimeOutTest" />
    </UnitTest>
    <UnitTest name="CachedCryRcuenCliConstructorTest" storage="d:\proyectos.net\electrodomesticos\testproject1\bin\debug\testproject1.dll" id="1b6c8988-4189-eb6b-b27e-e38d9bffe0f8">
      <Css projectStructure="" iteration="" />
      <Owners>
        <Owner name="" />
      </Owners>
      <Execution id="7bd930f3-17f0-408b-8662-3a8c33ad222c" />
      <TestMethod codeBase="D:\Proyectos.Net\Electrodomesticos\TestProject1\bin\Debug\TestProject1.dll" adapterTypeName="Microsoft.VisualStudio.TestTools.TestTypes.Unit.UnitTestAdapter, Microsoft.VisualStudio.QualityTools.Tips.UnitTest.Adapter, Version=9.0.0.0, Culture=neutral, PublicKeyToken=b03f5f7f11d50a3a" className="TestProject1.CachedCryRcuenCliTest, TestProject1" name="CachedCryRcuenCliConstructorTest" />
    </UnitTest>
    <UnitTest name="ShareDBLogonInfoTest" storage="d:\proyectos.net\electrodomesticos\testproject1\bin\debug\testproject1.dll" id="0308a57f-dab5-0109-ff7c-779e3e578ffc">
      <Css projectStructure="" iteration="" />
      <Owners>
        <Owner name="" />
      </Owners>
      <Execution id="a4e4f1e4-d34a-4394-a87c-2b1c0d53b18a" />
      <TestMethod codeBase="D:\Proyectos.Net\Electrodomesticos\TestProject1\bin\Debug\TestProject1.dll" adapterTypeName="Microsoft.VisualStudio.TestTools.TestTypes.Unit.UnitTestAdapter, Microsoft.VisualStudio.QualityTools.Tips.UnitTest.Adapter, Version=9.0.0.0, Culture=neutral, PublicKeyToken=b03f5f7f11d50a3a" className="TestProject1.CachedCryRemitoTest, TestProject1" name="ShareDBLogonInfoTest" />
    </UnitTest>
    <UnitTest name="GetCustomizedCacheKeyTest" storage="d:\proyectos.net\electrodomesticos\testproject1\bin\debug\testproject1.dll" id="aed3dc00-ed5a-cfea-bcf3-4aca543a63ee">
      <Css projectStructure="" iteration="" />
      <Owners>
        <Owner name="" />
      </Owners>
      <Execution id="fa1ddd22-d7af-4ca1-9d29-e3a333000c4a" />
      <TestMethod codeBase="D:\Proyectos.Net\Electrodomesticos\TestProject1\bin\Debug\TestProject1.dll" adapterTypeName="Microsoft.VisualStudio.TestTools.TestTypes.Unit.UnitTestAdapter, Microsoft.VisualStudio.QualityTools.Tips.UnitTest.Adapter, Version=9.0.0.0, Culture=neutral, PublicKeyToken=b03f5f7f11d50a3a" className="TestProject1.CachedCrySaldosTest, TestProject1" name="GetCustomizedCacheKeyTest" />
    </UnitTest>
    <UnitTest name="IsCacheableTest" storage="d:\proyectos.net\electrodomesticos\testproject1\bin\debug\testproject1.dll" id="d222b6da-dd5f-6429-69cb-14ed4233f081">
      <Css projectStructure="" iteration="" />
      <Owners>
        <Owner name="" />
      </Owners>
      <Execution id="f9962944-b81b-43fa-a35d-8bc94f2b6fa3" />
      <TestMethod codeBase="D:\Proyectos.Net\Electrodomesticos\TestProject1\bin\Debug\TestProject1.dll" adapterTypeName="Microsoft.VisualStudio.TestTools.TestTypes.Unit.UnitTestAdapter, Microsoft.VisualStudio.QualityTools.Tips.UnitTest.Adapter, Version=9.0.0.0, Culture=neutral, PublicKeyToken=b03f5f7f11d50a3a" className="TestProject1.CachedCrySaldosTest, TestProject1" name="IsCacheableTest" />
    </UnitTest>
    <UnitTest name="ShareDBLogonInfoTest" storage="d:\proyectos.net\electrodomesticos\testproject1\bin\debug\testproject1.dll" id="1e573e7d-d702-0bf9-a045-f531105d421b">
      <Css projectStructure="" iteration="" />
      <Owners>
        <Owner name="" />
      </Owners>
      <Execution id="66bf5ec6-81d8-4167-8359-6123f6cab55a" />
      <TestMethod codeBase="D:\Proyectos.Net\Electrodomesticos\TestProject1\bin\Debug\TestProject1.dll" adapterTypeName="Microsoft.VisualStudio.TestTools.TestTypes.Unit.UnitTestAdapter, Microsoft.VisualStudio.QualityTools.Tips.UnitTest.Adapter, Version=9.0.0.0, Culture=neutral, PublicKeyToken=b03f5f7f11d50a3a" className="TestProject1.CachedCryDetVenTest, TestProject1" name="ShareDBLogonInfoTest" />
    </UnitTest>
    <UnitTest name="CachedCryIvaComprasConstructorTest" storage="d:\proyectos.net\electrodomesticos\testproject1\bin\debug\testproject1.dll" id="e44bc15c-34de-fcd7-bcef-ca3cfa4f02a9">
      <Css projectStructure="" iteration="" />
      <Owners>
        <Owner name="" />
      </Owners>
      <Execution id="10b4c340-75d9-4754-a081-e04f5894838c" />
      <TestMethod codeBase="D:\Proyectos.Net\Electrodomesticos\TestProject1\bin\Debug\TestProject1.dll" adapterTypeName="Microsoft.VisualStudio.TestTools.TestTypes.Unit.UnitTestAdapter, Microsoft.VisualStudio.QualityTools.Tips.UnitTest.Adapter, Version=9.0.0.0, Culture=neutral, PublicKeyToken=b03f5f7f11d50a3a" className="TestProject1.CachedCryIvaComprasTest, TestProject1" name="CachedCryIvaComprasConstructorTest" />
    </UnitTest>
    <UnitTest name="GetCustomizedCacheKeyTest" storage="d:\proyectos.net\electrodomesticos\testproject1\bin\debug\testproject1.dll" id="e3b602d7-0a5b-89bd-b20e-89bc0df2b765">
      <Css projectStructure="" iteration="" />
      <Owners>
        <Owner name="" />
      </Owners>
      <Execution id="3bc6d03f-e485-4915-8fcb-fd84b858665d" />
      <TestMethod codeBase="D:\Proyectos.Net\Electrodomesticos\TestProject1\bin\Debug\TestProject1.dll" adapterTypeName="Microsoft.VisualStudio.TestTools.TestTypes.Unit.UnitTestAdapter, Microsoft.VisualStudio.QualityTools.Tips.UnitTest.Adapter, Version=9.0.0.0, Culture=neutral, PublicKeyToken=b03f5f7f11d50a3a" className="TestProject1.CachedCryIvaComprasTest, TestProject1" name="GetCustomizedCacheKeyTest" />
    </UnitTest>
    <UnitTest name="ShareDBLogonInfoTest" storage="d:\proyectos.net\electrodomesticos\testproject1\bin\debug\testproject1.dll" id="6548b7ea-38e7-1e46-b186-cf6936768b0b">
      <Css projectStructure="" iteration="" />
      <Owners>
        <Owner name="" />
      </Owners>
      <Execution id="cb567472-d869-41f0-a5ce-4885a8e5759e" />
      <TestMethod codeBase="D:\Proyectos.Net\Electrodomesticos\TestProject1\bin\Debug\TestProject1.dll" adapterTypeName="Microsoft.VisualStudio.TestTools.TestTypes.Unit.UnitTestAdapter, Microsoft.VisualStudio.QualityTools.Tips.UnitTest.Adapter, Version=9.0.0.0, Culture=neutral, PublicKeyToken=b03f5f7f11d50a3a" className="TestProject1.CachedCryIvaComprasTest, TestProject1" name="ShareDBLogonInfoTest" />
    </UnitTest>
    <UnitTest name="ShareDBLogonInfoTest" storage="d:\proyectos.net\electrodomesticos\testproject1\bin\debug\testproject1.dll" id="a7639f66-6db0-2c01-eff9-73967bbc6887">
      <Css projectStructure="" iteration="" />
      <Owners>
        <Owner name="" />
      </Owners>
      <Execution id="e4af83cf-6d7c-49e6-8406-d413afdfbc42" />
      <TestMethod codeBase="D:\Proyectos.Net\Electrodomesticos\TestProject1\bin\Debug\TestProject1.dll" adapterTypeName="Microsoft.VisualStudio.TestTools.TestTypes.Unit.UnitTestAdapter, Microsoft.VisualStudio.QualityTools.Tips.UnitTest.Adapter, Version=9.0.0.0, Culture=neutral, PublicKeyToken=b03f5f7f11d50a3a" className="TestProject1.CachedCryPresupuestoTest, TestProject1" name="ShareDBLogonInfoTest" />
    </UnitTest>
    <UnitTest name="CreateReportTest" storage="d:\proyectos.net\electrodomesticos\testproject1\bin\debug\testproject1.dll" id="a40cc0a0-5808-914d-8ca2-11dce0350950">
      <Css projectStructure="" iteration="" />
      <Owners>
        <Owner name="" />
      </Owners>
      <Execution id="adcbefdb-7b44-4c38-9148-877066e2413c" />
      <TestMethod codeBase="D:\Proyectos.Net\Electrodomesticos\TestProject1\bin\Debug\TestProject1.dll" adapterTypeName="Microsoft.VisualStudio.TestTools.TestTypes.Unit.UnitTestAdapter, Microsoft.VisualStudio.QualityTools.Tips.UnitTest.Adapter, Version=9.0.0.0, Culture=neutral, PublicKeyToken=b03f5f7f11d50a3a" className="TestProject1.CachedCryIvaVentasTest, TestProject1" name="CreateReportTest" />
    </UnitTest>
    <UnitTest name="CacheTimeOutTest" storage="d:\proyectos.net\electrodomesticos\testproject1\bin\debug\testproject1.dll" id="525954ae-6196-8150-bd45-f4500d77c2d7">
      <Css projectStructure="" iteration="" />
      <Owners>
        <Owner name="" />
      </Owners>
      <Execution id="4c34f148-d97d-4ac4-bf5b-4325a26c1644" />
      <TestMethod codeBase="D:\Proyectos.Net\Electrodomesticos\TestProject1\bin\Debug\TestProject1.dll" adapterTypeName="Microsoft.VisualStudio.TestTools.TestTypes.Unit.UnitTestAdapter, Microsoft.VisualStudio.QualityTools.Tips.UnitTest.Adapter, Version=9.0.0.0, Culture=neutral, PublicKeyToken=b03f5f7f11d50a3a" className="TestProject1.CachedCrySaldosTest, TestProject1" name="CacheTimeOutTest" />
    </UnitTest>
    <UnitTest name="GetCustomizedCacheKeyTest" storage="d:\proyectos.net\electrodomesticos\testproject1\bin\debug\testproject1.dll" id="f3c2043f-6c72-7d43-c619-320679b70611">
      <Css projectStructure="" iteration="" />
      <Owners>
        <Owner name="" />
      </Owners>
      <Execution id="7ebc39d1-f2af-4762-8736-ce7978c0c63a" />
      <TestMethod codeBase="D:\Proyectos.Net\Electrodomesticos\TestProject1\bin\Debug\TestProject1.dll" adapterTypeName="Microsoft.VisualStudio.TestTools.TestTypes.Unit.UnitTestAdapter, Microsoft.VisualStudio.QualityTools.Tips.UnitTest.Adapter, Version=9.0.0.0, Culture=neutral, PublicKeyToken=b03f5f7f11d50a3a" className="TestProject1.CachedCryPresupuestoTest, TestProject1" name="GetCustomizedCacheKeyTest" />
    </UnitTest>
    <UnitTest name="IsCacheableTest" storage="d:\proyectos.net\electrodomesticos\testproject1\bin\debug\testproject1.dll" id="f151f9c6-33e6-1ba4-c913-985f6e42a4ce">
      <Css projectStructure="" iteration="" />
      <Owners>
        <Owner name="" />
      </Owners>
      <Execution id="a802d608-3927-43b6-aa28-9324ddda8347" />
      <TestMethod codeBase="D:\Proyectos.Net\Electrodomesticos\TestProject1\bin\Debug\TestProject1.dll" adapterTypeName="Microsoft.VisualStudio.TestTools.TestTypes.Unit.UnitTestAdapter, Microsoft.VisualStudio.QualityTools.Tips.UnitTest.Adapter, Version=9.0.0.0, Culture=neutral, PublicKeyToken=b03f5f7f11d50a3a" className="TestProject1.CachedCryRemitoTest, TestProject1" name="IsCacheableTest" />
    </UnitTest>
    <UnitTest name="CacheTimeOutTest" storage="d:\proyectos.net\electrodomesticos\testproject1\bin\debug\testproject1.dll" id="c5b6637b-56d1-30f5-25e3-394a1f2c3701">
      <Css projectStructure="" iteration="" />
      <Owners>
        <Owner name="" />
      </Owners>
      <Execution id="2b5e4b84-a87d-44eb-a8d8-7c85d75751c1" />
      <TestMethod codeBase="D:\Proyectos.Net\Electrodomesticos\TestProject1\bin\Debug\TestProject1.dll" adapterTypeName="Microsoft.VisualStudio.TestTools.TestTypes.Unit.UnitTestAdapter, Microsoft.VisualStudio.QualityTools.Tips.UnitTest.Adapter, Version=9.0.0.0, Culture=neutral, PublicKeyToken=b03f5f7f11d50a3a" className="TestProject1.CachedCryPresupuestoTest, TestProject1" name="CacheTimeOutTest" />
    </UnitTest>
    <UnitTest name="CreateReportTest" storage="d:\proyectos.net\electrodomesticos\testproject1\bin\debug\testproject1.dll" id="9acbbf7d-c0e8-0755-ab01-98cc5d8a05c2">
      <Css projectStructure="" iteration="" />
      <Owners>
        <Owner name="" />
      </Owners>
      <Execution id="164d93e8-ad90-4138-805c-50e2885c8b62" />
      <TestMethod codeBase="D:\Proyectos.Net\Electrodomesticos\TestProject1\bin\Debug\TestProject1.dll" adapterTypeName="Microsoft.VisualStudio.TestTools.TestTypes.Unit.UnitTestAdapter, Microsoft.VisualStudio.QualityTools.Tips.UnitTest.Adapter, Version=9.0.0.0, Culture=neutral, PublicKeyToken=b03f5f7f11d50a3a" className="TestProject1.CachedCryPresupuestoTest, TestProject1" name="CreateReportTest" />
    </UnitTest>
    <UnitTest name="CacheTimeOutTest" storage="d:\proyectos.net\electrodomesticos\testproject1\bin\debug\testproject1.dll" id="f0c2a327-90b5-96fa-e792-d6b2243b094d">
      <Css projectStructure="" iteration="" />
      <Owners>
        <Owner name="" />
      </Owners>
      <Execution id="20f4f794-de59-4ed1-b858-7a9872ddb657" />
      <TestMethod codeBase="D:\Proyectos.Net\Electrodomesticos\TestProject1\bin\Debug\TestProject1.dll" adapterTypeName="Microsoft.VisualStudio.TestTools.TestTypes.Unit.UnitTestAdapter, Microsoft.VisualStudio.QualityTools.Tips.UnitTest.Adapter, Version=9.0.0.0, Culture=neutral, PublicKeyToken=b03f5f7f11d50a3a" className="TestProject1.CachedCryReciboTest, TestProject1" name="CacheTimeOutTest" />
    </UnitTest>
    <UnitTest name="CacheTimeOutTest" storage="d:\proyectos.net\electrodomesticos\testproject1\bin\debug\testproject1.dll" id="ea4f98cc-3822-c85a-b245-b2e6ef508118">
      <Css projectStructure="" iteration="" />
      <Owners>
        <Owner name="" />
      </Owners>
      <Execution id="f96da878-6371-4fb6-8ef4-74f679a967bb" />
      <TestMethod codeBase="D:\Proyectos.Net\Electrodomesticos\TestProject1\bin\Debug\TestProject1.dll" adapterTypeName="Microsoft.VisualStudio.TestTools.TestTypes.Unit.UnitTestAdapter, Microsoft.VisualStudio.QualityTools.Tips.UnitTest.Adapter, Version=9.0.0.0, Culture=neutral, PublicKeyToken=b03f5f7f11d50a3a" className="TestProject1.CachedCryIvaComprasTest, TestProject1" name="CacheTimeOutTest" />
    </UnitTest>
    <UnitTest name="GetCustomizedCacheKeyTest" storage="d:\proyectos.net\electrodomesticos\testproject1\bin\debug\testproject1.dll" id="6374bdbb-44fc-ca9d-4ed3-b776eb1d0599">
      <Css projectStructure="" iteration="" />
      <Owners>
        <Owner name="" />
      </Owners>
      <Execution id="3cea622b-5e5b-49e9-b8e4-71c4fe40c830" />
      <TestMethod codeBase="D:\Proyectos.Net\Electrodomesticos\TestProject1\bin\Debug\TestProject1.dll" adapterTypeName="Microsoft.VisualStudio.TestTools.TestTypes.Unit.UnitTestAdapter, Microsoft.VisualStudio.QualityTools.Tips.UnitTest.Adapter, Version=9.0.0.0, Culture=neutral, PublicKeyToken=b03f5f7f11d50a3a" className="TestProject1.CachedCryRcuenCliTest, TestProject1" name="GetCustomizedCacheKeyTest" />
    </UnitTest>
    <UnitTest name="GetCustomizedCacheKeyTest" storage="d:\proyectos.net\electrodomesticos\testproject1\bin\debug\testproject1.dll" id="37c7cf52-178a-8445-5b0b-fe81b3e9ba53">
      <Css projectStructure="" iteration="" />
      <Owners>
        <Owner name="" />
      </Owners>
      <Execution id="a25f4905-1cda-4390-9759-4c60251878eb" />
      <TestMethod codeBase="D:\Proyectos.Net\Electrodomesticos\TestProject1\bin\Debug\TestProject1.dll" adapterTypeName="Microsoft.VisualStudio.TestTools.TestTypes.Unit.UnitTestAdapter, Microsoft.VisualStudio.QualityTools.Tips.UnitTest.Adapter, Version=9.0.0.0, Culture=neutral, PublicKeyToken=b03f5f7f11d50a3a" className="TestProject1.CachedCryIvaVentasTest, TestProject1" name="GetCustomizedCacheKeyTest" />
    </UnitTest>
    <UnitTest name="CacheTimeOutTest" storage="d:\proyectos.net\electrodomesticos\testproject1\bin\debug\testproject1.dll" id="51db091b-5191-8ac9-7372-05ee0ce54499">
      <Css projectStructure="" iteration="" />
      <Owners>
        <Owner name="" />
      </Owners>
      <Execution id="c16f51c0-95b9-4fd3-af83-fa91d25978e3" />
      <TestMethod codeBase="D:\Proyectos.Net\Electrodomesticos\TestProject1\bin\Debug\TestProject1.dll" adapterTypeName="Microsoft.VisualStudio.TestTools.TestTypes.Unit.UnitTestAdapter, Microsoft.VisualStudio.QualityTools.Tips.UnitTest.Adapter, Version=9.0.0.0, Culture=neutral, PublicKeyToken=b03f5f7f11d50a3a" className="TestProject1.CachedCryDetVenTest, TestProject1" name="CacheTimeOutTest" />
    </UnitTest>
    <UnitTest name="IsCacheableTest" storage="d:\proyectos.net\electrodomesticos\testproject1\bin\debug\testproject1.dll" id="08caad3f-b459-d803-d4cb-3ab18a853220">
      <Css projectStructure="" iteration="" />
      <Owners>
        <Owner name="" />
      </Owners>
      <Execution id="aa895234-0731-4f06-8947-592035f419b9" />
      <TestMethod codeBase="D:\Proyectos.Net\Electrodomesticos\TestProject1\bin\Debug\TestProject1.dll" adapterTypeName="Microsoft.VisualStudio.TestTools.TestTypes.Unit.UnitTestAdapter, Microsoft.VisualStudio.QualityTools.Tips.UnitTest.Adapter, Version=9.0.0.0, Culture=neutral, PublicKeyToken=b03f5f7f11d50a3a" className="TestProject1.CachedCryIvaComprasTest, TestProject1" name="IsCacheableTest" />
    </UnitTest>
    <UnitTest name="CacheTimeOutTest" storage="d:\proyectos.net\electrodomesticos\testproject1\bin\debug\testproject1.dll" id="ae1df9b5-0bc2-98c9-8dce-3811aeb16f39">
      <Css projectStructure="" iteration="" />
      <Owners>
        <Owner name="" />
      </Owners>
      <Execution id="fc17a98d-616b-4b62-87fa-ec3a34f3dd45" />
      <TestMethod codeBase="D:\Proyectos.Net\Electrodomesticos\TestProject1\bin\Debug\TestProject1.dll" adapterTypeName="Microsoft.VisualStudio.TestTools.TestTypes.Unit.UnitTestAdapter, Microsoft.VisualStudio.QualityTools.Tips.UnitTest.Adapter, Version=9.0.0.0, Culture=neutral, PublicKeyToken=b03f5f7f11d50a3a" className="TestProject1.CachedCryRemitoTest, TestProject1" name="CacheTimeOutTest" />
    </UnitTest>
    <UnitTest name="CreateReportTest" storage="d:\proyectos.net\electrodomesticos\testproject1\bin\debug\testproject1.dll" id="48ca33b3-10a1-0e5e-7c11-db830395c0b4">
      <Css projectStructure="" iteration="" />
      <Owners>
        <Owner name="" />
      </Owners>
      <Execution id="9851618b-3c55-4dd6-b9a4-e2579f2e48b8" />
      <TestMethod codeBase="D:\Proyectos.Net\Electrodomesticos\TestProject1\bin\Debug\TestProject1.dll" adapterTypeName="Microsoft.VisualStudio.TestTools.TestTypes.Unit.UnitTestAdapter, Microsoft.VisualStudio.QualityTools.Tips.UnitTest.Adapter, Version=9.0.0.0, Culture=neutral, PublicKeyToken=b03f5f7f11d50a3a" className="TestProject1.CachedCryRcuenProTest, TestProject1" name="CreateReportTest" />
    </UnitTest>
    <UnitTest name="CachedCryRemitoConstructorTest" storage="d:\proyectos.net\electrodomesticos\testproject1\bin\debug\testproject1.dll" id="9f32a4c5-7476-733b-93d9-a2bdd97616c4">
      <Css projectStructure="" iteration="" />
      <Owners>
        <Owner name="" />
      </Owners>
      <Execution id="52cd1fe5-6142-4923-bbe9-7f058a2bd503" />
      <TestMethod codeBase="D:\Proyectos.Net\Electrodomesticos\TestProject1\bin\Debug\TestProject1.dll" adapterTypeName="Microsoft.VisualStudio.TestTools.TestTypes.Unit.UnitTestAdapter, Microsoft.VisualStudio.QualityTools.Tips.UnitTest.Adapter, Version=9.0.0.0, Culture=neutral, PublicKeyToken=b03f5f7f11d50a3a" className="TestProject1.CachedCryRemitoTest, TestProject1" name="CachedCryRemitoConstructorTest" />
    </UnitTest>
  </TestDefinitions>
  <TestLists>
    <TestList name="Resultados que no están en la lista" id="8c84fa94-04c1-424b-9868-57a2d4851a1d" />
    <TestList name="Todos los resultados cargados" id="19431567-8539-422a-85d7-44ee4e166bda" />
  </TestLists>
  <TestEntries>
    <TestEntry testId="1e573e7d-d702-0bf9-a045-f531105d421b" executionId="66bf5ec6-81d8-4167-8359-6123f6cab55a" testListId="8c84fa94-04c1-424b-9868-57a2d4851a1d" />
    <TestEntry testId="2bc9b6b4-89c6-0eab-e860-e2886e7ed26b" executionId="fb1f7d90-6107-4847-99e3-f3b934e3b661" testListId="8c84fa94-04c1-424b-9868-57a2d4851a1d" />
    <TestEntry testId="51db091b-5191-8ac9-7372-05ee0ce54499" executionId="c16f51c0-95b9-4fd3-af83-fa91d25978e3" testListId="8c84fa94-04c1-424b-9868-57a2d4851a1d" />
    <TestEntry testId="b957b282-66cf-9d5d-b1c9-00e219d95f5f" executionId="ea8366db-efa5-4789-b8e3-2258bd411694" testListId="8c84fa94-04c1-424b-9868-57a2d4851a1d" />
    <TestEntry testId="a000ac3a-b3cf-7dc9-9ee2-0e04691f4271" executionId="a35a8dae-1ac5-4d1f-8843-588853dd0dcf" testListId="8c84fa94-04c1-424b-9868-57a2d4851a1d" />
    <TestEntry testId="da5a6e7d-b958-3b9d-d7c1-5bb2ae2909d7" executionId="ea4928b9-e4b9-497c-ba87-52d22ac52e61" testListId="8c84fa94-04c1-424b-9868-57a2d4851a1d" />
    <TestEntry testId="6548b7ea-38e7-1e46-b186-cf6936768b0b" executionId="cb567472-d869-41f0-a5ce-4885a8e5759e" testListId="8c84fa94-04c1-424b-9868-57a2d4851a1d" />
    <TestEntry testId="08caad3f-b459-d803-d4cb-3ab18a853220" executionId="aa895234-0731-4f06-8947-592035f419b9" testListId="8c84fa94-04c1-424b-9868-57a2d4851a1d" />
    <TestEntry testId="ea4f98cc-3822-c85a-b245-b2e6ef508118" executionId="f96da878-6371-4fb6-8ef4-74f679a967bb" testListId="8c84fa94-04c1-424b-9868-57a2d4851a1d" />
    <TestEntry testId="e3b602d7-0a5b-89bd-b20e-89bc0df2b765" executionId="3bc6d03f-e485-4915-8fcb-fd84b858665d" testListId="8c84fa94-04c1-424b-9868-57a2d4851a1d" />
    <TestEntry testId="8c0cc0c0-6e89-1c7f-c419-ba8f2f463213" executionId="fece2b2f-d01d-4618-aa1d-27ac0bf08e6c" testListId="8c84fa94-04c1-424b-9868-57a2d4851a1d" />
    <TestEntry testId="e44bc15c-34de-fcd7-bcef-ca3cfa4f02a9" executionId="10b4c340-75d9-4754-a081-e04f5894838c" testListId="8c84fa94-04c1-424b-9868-57a2d4851a1d" />
    <TestEntry testId="f2fe63f0-4478-7b7b-bd25-44ea4473519d" executionId="54f46351-f2ea-42a0-a211-6a7d30813724" testListId="8c84fa94-04c1-424b-9868-57a2d4851a1d" />
    <TestEntry testId="48356080-96ea-a088-861a-9579a93ce5eb" executionId="6e74ee5d-4da0-483e-a870-0096f483b6b1" testListId="8c84fa94-04c1-424b-9868-57a2d4851a1d" />
    <TestEntry testId="f8990b1d-c48a-3414-d201-d7435c02494f" executionId="f1aa6867-b132-48aa-9ce7-5b421a2fc180" testListId="8c84fa94-04c1-424b-9868-57a2d4851a1d" />
    <TestEntry testId="37c7cf52-178a-8445-5b0b-fe81b3e9ba53" executionId="a25f4905-1cda-4390-9759-4c60251878eb" testListId="8c84fa94-04c1-424b-9868-57a2d4851a1d" />
    <TestEntry testId="a40cc0a0-5808-914d-8ca2-11dce0350950" executionId="adcbefdb-7b44-4c38-9148-877066e2413c" testListId="8c84fa94-04c1-424b-9868-57a2d4851a1d" />
    <TestEntry testId="09e0f863-09d6-b76d-b04a-0e37d04800a7" executionId="e1f004d4-db61-4d9a-867d-862ad0c35cf7" testListId="8c84fa94-04c1-424b-9868-57a2d4851a1d" />
    <TestEntry testId="a7639f66-6db0-2c01-eff9-73967bbc6887" executionId="e4af83cf-6d7c-49e6-8406-d413afdfbc42" testListId="8c84fa94-04c1-424b-9868-57a2d4851a1d" />
    <TestEntry testId="edad2d04-4402-ff67-372a-e485f4f73632" executionId="6eee4324-0bd0-49f0-9898-11686d858862" testListId="8c84fa94-04c1-424b-9868-57a2d4851a1d" />
    <TestEntry testId="c5b6637b-56d1-30f5-25e3-394a1f2c3701" executionId="2b5e4b84-a87d-44eb-a8d8-7c85d75751c1" testListId="8c84fa94-04c1-424b-9868-57a2d4851a1d" />
    <TestEntry testId="f3c2043f-6c72-7d43-c619-320679b70611" executionId="7ebc39d1-f2af-4762-8736-ce7978c0c63a" testListId="8c84fa94-04c1-424b-9868-57a2d4851a1d" />
    <TestEntry testId="9acbbf7d-c0e8-0755-ab01-98cc5d8a05c2" executionId="164d93e8-ad90-4138-805c-50e2885c8b62" testListId="8c84fa94-04c1-424b-9868-57a2d4851a1d" />
    <TestEntry testId="5df935ca-425b-110e-7545-c5888243e40d" executionId="06aadfeb-e742-4766-bd6d-74d1359cc94f" testListId="8c84fa94-04c1-424b-9868-57a2d4851a1d" />
    <TestEntry testId="81171e65-13b3-dfa5-4d5c-4176bfc246b4" executionId="7b826881-8809-4253-ad33-dba555e1d27c" testListId="8c84fa94-04c1-424b-9868-57a2d4851a1d" />
    <TestEntry testId="ba4abc08-a1b7-fe98-b626-723fcacbd3a7" executionId="7bb0a266-7915-434e-9809-df039301f23c" testListId="8c84fa94-04c1-424b-9868-57a2d4851a1d" />
    <TestEntry testId="a4bd3537-8def-4f80-1731-34924e9f5cd7" executionId="42d542a0-4e29-49a1-bf3e-1f8a5f264654" testListId="8c84fa94-04c1-424b-9868-57a2d4851a1d" />
    <TestEntry testId="6374bdbb-44fc-ca9d-4ed3-b776eb1d0599" executionId="3cea622b-5e5b-49e9-b8e4-71c4fe40c830" testListId="8c84fa94-04c1-424b-9868-57a2d4851a1d" />
    <TestEntry testId="4d40c7a3-99b0-4930-5cca-b071aee9869b" executionId="7cb59011-1d23-4b0f-807d-0d26cbe29268" testListId="8c84fa94-04c1-424b-9868-57a2d4851a1d" />
    <TestEntry testId="1b6c8988-4189-eb6b-b27e-e38d9bffe0f8" executionId="7bd930f3-17f0-408b-8662-3a8c33ad222c" testListId="8c84fa94-04c1-424b-9868-57a2d4851a1d" />
    <TestEntry testId="1dc52c5d-3e37-e198-b650-867f9ba58074" executionId="2c232cc0-46af-4647-a15c-d3465a9b82ed" testListId="8c84fa94-04c1-424b-9868-57a2d4851a1d" />
    <TestEntry testId="441c275f-c39b-d2e3-ab42-db14ee4f6dc8" executionId="c6d395ac-f53f-4ef1-96f8-d02bb524c620" testListId="8c84fa94-04c1-424b-9868-57a2d4851a1d" />
    <TestEntry testId="fef00f9b-0352-e80f-0b91-72a3cc1f81c0" executionId="e55b8f7c-5e11-4da9-b660-ad625413dfd8" testListId="8c84fa94-04c1-424b-9868-57a2d4851a1d" />
    <TestEntry testId="059b06d8-72ff-d18a-8faa-030264bb8bb1" executionId="ffb43f20-f2d5-44a9-b90c-afe755b736a6" testListId="8c84fa94-04c1-424b-9868-57a2d4851a1d" />
    <TestEntry testId="48ca33b3-10a1-0e5e-7c11-db830395c0b4" executionId="9851618b-3c55-4dd6-b9a4-e2579f2e48b8" testListId="8c84fa94-04c1-424b-9868-57a2d4851a1d" />
    <TestEntry testId="a883e6cb-2eb2-7d7c-5bee-8183ad325696" executionId="6fb22306-9cca-4b3d-bda0-e5db4f009318" testListId="8c84fa94-04c1-424b-9868-57a2d4851a1d" />
    <TestEntry testId="872cf683-6b93-cca5-b2ea-1cfc270ce02c" executionId="d03e8041-9a8a-407e-8de1-c7888e8b90b5" testListId="8c84fa94-04c1-424b-9868-57a2d4851a1d" />
    <TestEntry testId="2e7637f6-522d-7840-755d-30282e72a76f" executionId="02ed929c-6a51-400c-a4d7-e55d3a6745e9" testListId="8c84fa94-04c1-424b-9868-57a2d4851a1d" />
    <TestEntry testId="f0c2a327-90b5-96fa-e792-d6b2243b094d" executionId="20f4f794-de59-4ed1-b858-7a9872ddb657" testListId="8c84fa94-04c1-424b-9868-57a2d4851a1d" />
    <TestEntry testId="f9f3809d-e0ab-887c-e1be-efe95001befe" executionId="d6d2fc92-ddc9-4c1e-9385-6e18377c6943" testListId="8c84fa94-04c1-424b-9868-57a2d4851a1d" />
    <TestEntry testId="3c43767c-9985-e5c5-7666-b7f244210708" executionId="1ff19e6a-b825-4054-9ed6-5e02b5ec35de" testListId="8c84fa94-04c1-424b-9868-57a2d4851a1d" />
    <TestEntry testId="0055ee27-db03-15f0-b36a-b90c6f40ca44" executionId="474cc383-a1f4-433c-b3f4-a121db167879" testListId="8c84fa94-04c1-424b-9868-57a2d4851a1d" />
    <TestEntry testId="0308a57f-dab5-0109-ff7c-779e3e578ffc" executionId="a4e4f1e4-d34a-4394-a87c-2b1c0d53b18a" testListId="8c84fa94-04c1-424b-9868-57a2d4851a1d" />
    <TestEntry testId="f151f9c6-33e6-1ba4-c913-985f6e42a4ce" executionId="a802d608-3927-43b6-aa28-9324ddda8347" testListId="8c84fa94-04c1-424b-9868-57a2d4851a1d" />
    <TestEntry testId="ae1df9b5-0bc2-98c9-8dce-3811aeb16f39" executionId="fc17a98d-616b-4b62-87fa-ec3a34f3dd45" testListId="8c84fa94-04c1-424b-9868-57a2d4851a1d" />
    <TestEntry testId="ee6191bd-2685-9940-ab51-815288298a19" executionId="9d47827a-227a-4c9b-931d-06ef18e9436a" testListId="8c84fa94-04c1-424b-9868-57a2d4851a1d" />
    <TestEntry testId="1847a43c-1537-d8c4-724e-1b749234b0c3" executionId="175200ee-9f62-46ac-9180-169cc927934d" testListId="8c84fa94-04c1-424b-9868-57a2d4851a1d" />
    <TestEntry testId="9f32a4c5-7476-733b-93d9-a2bdd97616c4" executionId="52cd1fe5-6142-4923-bbe9-7f058a2bd503" testListId="8c84fa94-04c1-424b-9868-57a2d4851a1d" />
    <TestEntry testId="045954f0-58a1-44d3-7628-f98a7662279f" executionId="6a83c4cb-d16b-48fc-8ae9-7b9994244d06" testListId="8c84fa94-04c1-424b-9868-57a2d4851a1d" />
    <TestEntry testId="d222b6da-dd5f-6429-69cb-14ed4233f081" executionId="f9962944-b81b-43fa-a35d-8bc94f2b6fa3" testListId="8c84fa94-04c1-424b-9868-57a2d4851a1d" />
    <TestEntry testId="525954ae-6196-8150-bd45-f4500d77c2d7" executionId="4c34f148-d97d-4ac4-bf5b-4325a26c1644" testListId="8c84fa94-04c1-424b-9868-57a2d4851a1d" />
    <TestEntry testId="aed3dc00-ed5a-cfea-bcf3-4aca543a63ee" executionId="fa1ddd22-d7af-4ca1-9d29-e3a333000c4a" testListId="8c84fa94-04c1-424b-9868-57a2d4851a1d" />
    <TestEntry testId="76810870-2418-1636-bbe8-930c32d5ff8f" executionId="489242e4-28a4-41ef-b6f2-37469fd112cf" testListId="8c84fa94-04c1-424b-9868-57a2d4851a1d" />
    <TestEntry testId="a436d66d-8ea9-e3be-7bdd-223c4e68e53a" executionId="aae8c95a-cb72-4d58-9b7c-ad64778b8434" testListId="8c84fa94-04c1-424b-9868-57a2d4851a1d" />
    <TestEntry testId="43c8ba4e-d1db-64fe-fd99-094edca978cf" executionId="93deaeed-eefe-4d6e-bf69-964722020deb" testListId="8c84fa94-04c1-424b-9868-57a2d4851a1d" />
  </TestEntries>
  <Results>
    <UnitTestResult executionId="66bf5ec6-81d8-4167-8359-6123f6cab55a" testId="1e573e7d-d702-0bf9-a045-f531105d421b" testName="ShareDBLogonInfoTest" computerName="NTIVAN" duration="00:00:00.1971996" startTime="2016-01-13T08:07:18.9716051-03:00" endTime="2016-01-13T08:07:19.4520052-03:00" testType="13cdc9d9-ddb5-4fa4-a97d-d965ccfc6d4b" outcome="Inconclusive" testListId="8c84fa94-04c1-424b-9868-57a2d4851a1d">
      <Output>
        <ErrorInfo>
          <Message>Error de Assert.Inconclusive. Compruebe la exactitud de este método de prueba.</Message>
          <StackTrace>   en TestProject1.CachedCryDetVenTest.ShareDBLogonInfoTest() en D:\Proyectos.Net\Electrodomesticos\TestProject1\CachedCryDetVenTest.vb:línea 76
</StackTrace>
        </ErrorInfo>
      </Output>
    </UnitTestResult>
    <UnitTestResult executionId="fb1f7d90-6107-4847-99e3-f3b934e3b661" testId="2bc9b6b4-89c6-0eab-e860-e2886e7ed26b" testName="IsCacheableTest" computerName="NTIVAN" duration="00:00:00.0100454" startTime="2016-01-13T08:07:19.4560079-03:00" endTime="2016-01-13T08:07:19.4700155-03:00" testType="13cdc9d9-ddb5-4fa4-a97d-d965ccfc6d4b" outcome="Failed" testListId="8c84fa94-04c1-424b-9868-57a2d4851a1d">
      <Output>
        <ErrorInfo>
          <Message>Error de Assert.AreEqual. Se esperaba &lt;False&gt;, pero es &lt;True&gt;. </Message>
          <StackTrace>   en TestProject1.CachedCryDetVenTest.IsCacheableTest() en D:\Proyectos.Net\Electrodomesticos\TestProject1\CachedCryDetVenTest.vb:línea 89
</StackTrace>
        </ErrorInfo>
      </Output>
    </UnitTestResult>
    <UnitTestResult executionId="c16f51c0-95b9-4fd3-af83-fa91d25978e3" testId="51db091b-5191-8ac9-7372-05ee0ce54499" testName="CacheTimeOutTest" computerName="NTIVAN" duration="00:00:00.0128113" startTime="2016-01-13T08:07:19.4740187-03:00" endTime="2016-01-13T08:07:19.4900299-03:00" testType="13cdc9d9-ddb5-4fa4-a97d-d965ccfc6d4b" outcome="Failed" testListId="8c84fa94-04c1-424b-9868-57a2d4851a1d">
      <Output>
        <ErrorInfo>
          <Message>Error de Assert.AreEqual. Se esperaba &lt;00:00:00&gt;, pero es &lt;02:10:00&gt;. </Message>
          <StackTrace>   en TestProject1.CachedCryDetVenTest.CacheTimeOutTest() en D:\Proyectos.Net\Electrodomesticos\TestProject1\CachedCryDetVenTest.vb:línea 103
</StackTrace>
        </ErrorInfo>
      </Output>
    </UnitTestResult>
    <UnitTestResult executionId="ea8366db-efa5-4789-b8e3-2258bd411694" testId="b957b282-66cf-9d5d-b1c9-00e219d95f5f" testName="GetCustomizedCacheKeyTest" computerName="NTIVAN" duration="00:00:00.0109913" startTime="2016-01-13T08:07:19.4930325-03:00" endTime="2016-01-13T08:07:19.5080408-03:00" testType="13cdc9d9-ddb5-4fa4-a97d-d965ccfc6d4b" outcome="Failed" testListId="8c84fa94-04c1-424b-9868-57a2d4851a1d">
      <Output>
        <ErrorInfo>
          <Message>Error de Assert.AreEqual. Se esperaba &lt;&gt;, pero es &lt;(null)&gt;. </Message>
          <StackTrace>   en TestProject1.CachedCryDetVenTest.GetCustomizedCacheKeyTest() en D:\Proyectos.Net\Electrodomesticos\TestProject1\CachedCryDetVenTest.vb:línea 117
</StackTrace>
        </ErrorInfo>
      </Output>
    </UnitTestResult>
    <UnitTestResult executionId="a35a8dae-1ac5-4d1f-8843-588853dd0dcf" testId="a000ac3a-b3cf-7dc9-9ee2-0e04691f4271" testName="CreateReportTest" computerName="NTIVAN" duration="00:00:00.1755806" startTime="2016-01-13T08:07:19.5110451-03:00" endTime="2016-01-13T08:07:19.6901643-03:00" testType="13cdc9d9-ddb5-4fa4-a97d-d965ccfc6d4b" outcome="Failed" testListId="8c84fa94-04c1-424b-9868-57a2d4851a1d">
      <Output>
        <ErrorInfo>
          <Message>Error de Assert.AreEqual. Se esperaba &lt;(null)&gt;, pero es &lt;Super.CryDetVen&gt;. </Message>
          <StackTrace>   en TestProject1.CachedCryDetVenTest.CreateReportTest() en D:\Proyectos.Net\Electrodomesticos\TestProject1\CachedCryDetVenTest.vb:línea 130
</StackTrace>
        </ErrorInfo>
      </Output>
    </UnitTestResult>
    <UnitTestResult executionId="ea4928b9-e4b9-497c-ba87-52d22ac52e61" testId="da5a6e7d-b958-3b9d-d7c1-5bb2ae2909d7" testName="CachedCryDetVenConstructorTest" computerName="NTIVAN" duration="00:00:00.0112804" startTime="2016-01-13T08:07:19.6931657-03:00" endTime="2016-01-13T08:07:19.7282192-03:00" testType="13cdc9d9-ddb5-4fa4-a97d-d965ccfc6d4b" outcome="Inconclusive" testListId="8c84fa94-04c1-424b-9868-57a2d4851a1d">
      <Output>
        <ErrorInfo>
          <Message>Error de Assert.Inconclusive. TODO: Implementar código para comprobar el destino</Message>
          <StackTrace>   en TestProject1.CachedCryDetVenTest.CachedCryDetVenConstructorTest() en D:\Proyectos.Net\Electrodomesticos\TestProject1\CachedCryDetVenTest.vb:línea 140
</StackTrace>
        </ErrorInfo>
      </Output>
    </UnitTestResult>
    <UnitTestResult executionId="cb567472-d869-41f0-a5ce-4885a8e5759e" testId="6548b7ea-38e7-1e46-b186-cf6936768b0b" testName="ShareDBLogonInfoTest" computerName="NTIVAN" duration="00:00:00.0116077" startTime="2016-01-13T08:07:19.7312201-03:00" endTime="2016-01-13T08:07:19.7472324-03:00" testType="13cdc9d9-ddb5-4fa4-a97d-d965ccfc6d4b" outcome="Inconclusive" testListId="8c84fa94-04c1-424b-9868-57a2d4851a1d">
      <Output>
        <ErrorInfo>
          <Message>Error de Assert.Inconclusive. Compruebe la exactitud de este método de prueba.</Message>
          <StackTrace>   en TestProject1.CachedCryIvaComprasTest.ShareDBLogonInfoTest() en D:\Proyectos.Net\Electrodomesticos\TestProject1\CachedCryIvaComprasTest.vb:línea 76
</StackTrace>
        </ErrorInfo>
      </Output>
    </UnitTestResult>
    <UnitTestResult executionId="aa895234-0731-4f06-8947-592035f419b9" testId="08caad3f-b459-d803-d4cb-3ab18a853220" testName="IsCacheableTest" computerName="NTIVAN" duration="00:00:00.0101184" startTime="2016-01-13T08:07:19.7502333-03:00" endTime="2016-01-13T08:07:19.7642432-03:00" testType="13cdc9d9-ddb5-4fa4-a97d-d965ccfc6d4b" outcome="Failed" testListId="8c84fa94-04c1-424b-9868-57a2d4851a1d">
      <Output>
        <ErrorInfo>
          <Message>Error de Assert.AreEqual. Se esperaba &lt;False&gt;, pero es &lt;True&gt;. </Message>
          <StackTrace>   en TestProject1.CachedCryIvaComprasTest.IsCacheableTest() en D:\Proyectos.Net\Electrodomesticos\TestProject1\CachedCryIvaComprasTest.vb:línea 89
</StackTrace>
        </ErrorInfo>
      </Output>
    </UnitTestResult>
    <UnitTestResult executionId="f96da878-6371-4fb6-8ef4-74f679a967bb" testId="ea4f98cc-3822-c85a-b245-b2e6ef508118" testName="CacheTimeOutTest" computerName="NTIVAN" duration="00:00:00.0100579" startTime="2016-01-13T08:07:19.7863508-03:00" endTime="2016-01-13T08:07:19.8013665-03:00" testType="13cdc9d9-ddb5-4fa4-a97d-d965ccfc6d4b" outcome="Failed" testListId="8c84fa94-04c1-424b-9868-57a2d4851a1d">
      <Output>
        <ErrorInfo>
          <Message>Error de Assert.AreEqual. Se esperaba &lt;00:00:00&gt;, pero es &lt;02:10:00&gt;. </Message>
          <StackTrace>   en TestProject1.CachedCryIvaComprasTest.CacheTimeOutTest() en D:\Proyectos.Net\Electrodomesticos\TestProject1\CachedCryIvaComprasTest.vb:línea 103
</StackTrace>
        </ErrorInfo>
      </Output>
    </UnitTestResult>
    <UnitTestResult executionId="3bc6d03f-e485-4915-8fcb-fd84b858665d" testId="e3b602d7-0a5b-89bd-b20e-89bc0df2b765" testName="GetCustomizedCacheKeyTest" computerName="NTIVAN" duration="00:00:00.0101953" startTime="2016-01-13T08:07:19.8226279-03:00" endTime="2016-01-13T08:07:19.8366344-03:00" testType="13cdc9d9-ddb5-4fa4-a97d-d965ccfc6d4b" outcome="Failed" testListId="8c84fa94-04c1-424b-9868-57a2d4851a1d">
      <Output>
        <ErrorInfo>
          <Message>Error de Assert.AreEqual. Se esperaba &lt;&gt;, pero es &lt;(null)&gt;. </Message>
          <StackTrace>   en TestProject1.CachedCryIvaComprasTest.GetCustomizedCacheKeyTest() en D:\Proyectos.Net\Electrodomesticos\TestProject1\CachedCryIvaComprasTest.vb:línea 117
</StackTrace>
        </ErrorInfo>
      </Output>
    </UnitTestResult>
    <UnitTestResult executionId="fece2b2f-d01d-4618-aa1d-27ac0bf08e6c" testId="8c0cc0c0-6e89-1c7f-c419-ba8f2f463213" testName="CreateReportTest" computerName="NTIVAN" duration="00:00:00.0132110" startTime="2016-01-13T08:07:19.8406359-03:00" endTime="2016-01-13T08:07:19.8606498-03:00" testType="13cdc9d9-ddb5-4fa4-a97d-d965ccfc6d4b" outcome="Failed" testListId="8c84fa94-04c1-424b-9868-57a2d4851a1d">
      <Output>
        <ErrorInfo>
          <Message>Error de Assert.AreEqual. Se esperaba &lt;(null)&gt;, pero es &lt;Super.CryIvaCompras&gt;. </Message>
          <StackTrace>   en TestProject1.CachedCryIvaComprasTest.CreateReportTest() en D:\Proyectos.Net\Electrodomesticos\TestProject1\CachedCryIvaComprasTest.vb:línea 130
</StackTrace>
        </ErrorInfo>
      </Output>
    </UnitTestResult>
    <UnitTestResult executionId="10b4c340-75d9-4754-a081-e04f5894838c" testId="e44bc15c-34de-fcd7-bcef-ca3cfa4f02a9" testName="CachedCryIvaComprasConstructorTest" computerName="NTIVAN" duration="00:00:00.0106697" startTime="2016-01-13T08:07:19.8646530-03:00" endTime="2016-01-13T08:07:19.8806620-03:00" testType="13cdc9d9-ddb5-4fa4-a97d-d965ccfc6d4b" outcome="Inconclusive" testListId="8c84fa94-04c1-424b-9868-57a2d4851a1d">
      <Output>
        <ErrorInfo>
          <Message>Error de Assert.Inconclusive. TODO: Implementar código para comprobar el destino</Message>
          <StackTrace>   en TestProject1.CachedCryIvaComprasTest.CachedCryIvaComprasConstructorTest() en D:\Proyectos.Net\Electrodomesticos\TestProject1\CachedCryIvaComprasTest.vb:línea 140
</StackTrace>
        </ErrorInfo>
      </Output>
    </UnitTestResult>
    <UnitTestResult executionId="54f46351-f2ea-42a0-a211-6a7d30813724" testId="f2fe63f0-4478-7b7b-bd25-44ea4473519d" testName="ShareDBLogonInfoTest" computerName="NTIVAN" duration="00:00:00.0112245" startTime="2016-01-13T08:07:19.9017090-03:00" endTime="2016-01-13T08:07:19.9167150-03:00" testType="13cdc9d9-ddb5-4fa4-a97d-d965ccfc6d4b" outcome="Inconclusive" testListId="8c84fa94-04c1-424b-9868-57a2d4851a1d">
      <Output>
        <ErrorInfo>
          <Message>Error de Assert.Inconclusive. Compruebe la exactitud de este método de prueba.</Message>
          <StackTrace>   en TestProject1.CachedCryIvaVentasTest.ShareDBLogonInfoTest() en D:\Proyectos.Net\Electrodomesticos\TestProject1\CachedCryIvaVentasTest.vb:línea 76
</StackTrace>
        </ErrorInfo>
      </Output>
    </UnitTestResult>
    <UnitTestResult executionId="6e74ee5d-4da0-483e-a870-0096f483b6b1" testId="48356080-96ea-a088-861a-9579a93ce5eb" testName="IsCacheableTest" computerName="NTIVAN" duration="00:00:00.0103521" startTime="2016-01-13T08:07:19.9207188-03:00" endTime="2016-01-13T08:07:19.9357277-03:00" testType="13cdc9d9-ddb5-4fa4-a97d-d965ccfc6d4b" outcome="Failed" testListId="8c84fa94-04c1-424b-9868-57a2d4851a1d">
      <Output>
        <ErrorInfo>
          <Message>Error de Assert.AreEqual. Se esperaba &lt;False&gt;, pero es &lt;True&gt;. </Message>
          <StackTrace>   en TestProject1.CachedCryIvaVentasTest.IsCacheableTest() en D:\Proyectos.Net\Electrodomesticos\TestProject1\CachedCryIvaVentasTest.vb:línea 89
</StackTrace>
        </ErrorInfo>
      </Output>
    </UnitTestResult>
    <UnitTestResult executionId="f1aa6867-b132-48aa-9ce7-5b421a2fc180" testId="f8990b1d-c48a-3414-d201-d7435c02494f" testName="CacheTimeOutTest" computerName="NTIVAN" duration="00:00:00.0099051" startTime="2016-01-13T08:07:19.9387297-03:00" endTime="2016-01-13T08:07:19.9527402-03:00" testType="13cdc9d9-ddb5-4fa4-a97d-d965ccfc6d4b" outcome="Failed" testListId="8c84fa94-04c1-424b-9868-57a2d4851a1d">
      <Output>
        <ErrorInfo>
          <Message>Error de Assert.AreEqual. Se esperaba &lt;00:00:00&gt;, pero es &lt;02:10:00&gt;. </Message>
          <StackTrace>   en TestProject1.CachedCryIvaVentasTest.CacheTimeOutTest() en D:\Proyectos.Net\Electrodomesticos\TestProject1\CachedCryIvaVentasTest.vb:línea 103
</StackTrace>
        </ErrorInfo>
      </Output>
    </UnitTestResult>
    <UnitTestResult executionId="a25f4905-1cda-4390-9759-4c60251878eb" testId="37c7cf52-178a-8445-5b0b-fe81b3e9ba53" testName="GetCustomizedCacheKeyTest" computerName="NTIVAN" duration="00:00:00.0100938" startTime="2016-01-13T08:07:19.9567417-03:00" endTime="2016-01-13T08:07:19.9707499-03:00" testType="13cdc9d9-ddb5-4fa4-a97d-d965ccfc6d4b" outcome="Failed" testListId="8c84fa94-04c1-424b-9868-57a2d4851a1d">
      <Output>
        <ErrorInfo>
          <Message>Error de Assert.AreEqual. Se esperaba &lt;&gt;, pero es &lt;(null)&gt;. </Message>
          <StackTrace>   en TestProject1.CachedCryIvaVentasTest.GetCustomizedCacheKeyTest() en D:\Proyectos.Net\Electrodomesticos\TestProject1\CachedCryIvaVentasTest.vb:línea 117
</StackTrace>
        </ErrorInfo>
      </Output>
    </UnitTestResult>
    <UnitTestResult executionId="adcbefdb-7b44-4c38-9148-877066e2413c" testId="a40cc0a0-5808-914d-8ca2-11dce0350950" testName="CreateReportTest" computerName="NTIVAN" duration="00:00:00.0125684" startTime="2016-01-13T08:07:19.9937663-03:00" endTime="2016-01-13T08:07:20.0097764-03:00" testType="13cdc9d9-ddb5-4fa4-a97d-d965ccfc6d4b" outcome="Failed" testListId="8c84fa94-04c1-424b-9868-57a2d4851a1d">
      <Output>
        <ErrorInfo>
          <Message>Error de Assert.AreEqual. Se esperaba &lt;(null)&gt;, pero es &lt;Super.CryIvaVentas&gt;. </Message>
          <StackTrace>   en TestProject1.CachedCryIvaVentasTest.CreateReportTest() en D:\Proyectos.Net\Electrodomesticos\TestProject1\CachedCryIvaVentasTest.vb:línea 130
</StackTrace>
        </ErrorInfo>
      </Output>
    </UnitTestResult>
    <UnitTestResult executionId="e1f004d4-db61-4d9a-867d-862ad0c35cf7" testId="09e0f863-09d6-b76d-b04a-0e37d04800a7" testName="CachedCryIvaVentasConstructorTest" computerName="NTIVAN" duration="00:00:00.0101087" startTime="2016-01-13T08:07:20.0137819-03:00" endTime="2016-01-13T08:07:20.0267889-03:00" testType="13cdc9d9-ddb5-4fa4-a97d-d965ccfc6d4b" outcome="Inconclusive" testListId="8c84fa94-04c1-424b-9868-57a2d4851a1d">
      <Output>
        <ErrorInfo>
          <Message>Error de Assert.Inconclusive. TODO: Implementar código para comprobar el destino</Message>
          <StackTrace>   en TestProject1.CachedCryIvaVentasTest.CachedCryIvaVentasConstructorTest() en D:\Proyectos.Net\Electrodomesticos\TestProject1\CachedCryIvaVentasTest.vb:línea 140
</StackTrace>
        </ErrorInfo>
      </Output>
    </UnitTestResult>
    <UnitTestResult executionId="e4af83cf-6d7c-49e6-8406-d413afdfbc42" testId="a7639f66-6db0-2c01-eff9-73967bbc6887" testName="ShareDBLogonInfoTest" computerName="NTIVAN" duration="00:00:00.0113944" startTime="2016-01-13T08:07:20.0317933-03:00" endTime="2016-01-13T08:07:20.0468022-03:00" testType="13cdc9d9-ddb5-4fa4-a97d-d965ccfc6d4b" outcome="Inconclusive" testListId="8c84fa94-04c1-424b-9868-57a2d4851a1d">
      <Output>
        <ErrorInfo>
          <Message>Error de Assert.Inconclusive. Compruebe la exactitud de este método de prueba.</Message>
          <StackTrace>   en TestProject1.CachedCryPresupuestoTest.ShareDBLogonInfoTest() en D:\Proyectos.Net\Electrodomesticos\TestProject1\CachedCryPresupuestoTest.vb:línea 76
</StackTrace>
        </ErrorInfo>
      </Output>
    </UnitTestResult>
    <UnitTestResult executionId="6eee4324-0bd0-49f0-9898-11686d858862" testId="edad2d04-4402-ff67-372a-e485f4f73632" testName="IsCacheableTest" computerName="NTIVAN" duration="00:00:00.0103014" startTime="2016-01-13T08:07:20.0498036-03:00" endTime="2016-01-13T08:07:20.0648130-03:00" testType="13cdc9d9-ddb5-4fa4-a97d-d965ccfc6d4b" outcome="Failed" testListId="8c84fa94-04c1-424b-9868-57a2d4851a1d">
      <Output>
        <ErrorInfo>
          <Message>Error de Assert.AreEqual. Se esperaba &lt;False&gt;, pero es &lt;True&gt;. </Message>
          <StackTrace>   en TestProject1.CachedCryPresupuestoTest.IsCacheableTest() en D:\Proyectos.Net\Electrodomesticos\TestProject1\CachedCryPresupuestoTest.vb:línea 89
</StackTrace>
        </ErrorInfo>
      </Output>
    </UnitTestResult>
    <UnitTestResult executionId="2b5e4b84-a87d-44eb-a8d8-7c85d75751c1" testId="c5b6637b-56d1-30f5-25e3-394a1f2c3701" testName="CacheTimeOutTest" computerName="NTIVAN" duration="00:00:00.0102923" startTime="2016-01-13T08:07:20.0678173-03:00" endTime="2016-01-13T08:07:20.0818249-03:00" testType="13cdc9d9-ddb5-4fa4-a97d-d965ccfc6d4b" outcome="Failed" testListId="8c84fa94-04c1-424b-9868-57a2d4851a1d">
      <Output>
        <ErrorInfo>
          <Message>Error de Assert.AreEqual. Se esperaba &lt;00:00:00&gt;, pero es &lt;02:10:00&gt;. </Message>
          <StackTrace>   en TestProject1.CachedCryPresupuestoTest.CacheTimeOutTest() en D:\Proyectos.Net\Electrodomesticos\TestProject1\CachedCryPresupuestoTest.vb:línea 103
</StackTrace>
        </ErrorInfo>
      </Output>
    </UnitTestResult>
    <UnitTestResult executionId="7ebc39d1-f2af-4762-8736-ce7978c0c63a" testId="f3c2043f-6c72-7d43-c619-320679b70611" testName="GetCustomizedCacheKeyTest" computerName="NTIVAN" duration="00:00:00.0104371" startTime="2016-01-13T08:07:20.0858276-03:00" endTime="2016-01-13T08:07:20.1008393-03:00" testType="13cdc9d9-ddb5-4fa4-a97d-d965ccfc6d4b" outcome="Failed" testListId="8c84fa94-04c1-424b-9868-57a2d4851a1d">
      <Output>
        <ErrorInfo>
          <Message>Error de Assert.AreEqual. Se esperaba &lt;&gt;, pero es &lt;(null)&gt;. </Message>
          <StackTrace>   en TestProject1.CachedCryPresupuestoTest.GetCustomizedCacheKeyTest() en D:\Proyectos.Net\Electrodomesticos\TestProject1\CachedCryPresupuestoTest.vb:línea 117
</StackTrace>
        </ErrorInfo>
      </Output>
    </UnitTestResult>
    <UnitTestResult executionId="164d93e8-ad90-4138-805c-50e2885c8b62" testId="9acbbf7d-c0e8-0755-ab01-98cc5d8a05c2" testName="CreateReportTest" computerName="NTIVAN" duration="00:00:00.0131460" startTime="2016-01-13T08:07:20.1038396-03:00" endTime="2016-01-13T08:07:20.1208515-03:00" testType="13cdc9d9-ddb5-4fa4-a97d-d965ccfc6d4b" outcome="Failed" testListId="8c84fa94-04c1-424b-9868-57a2d4851a1d">
      <Output>
        <ErrorInfo>
          <Message>Error de Assert.AreEqual. Se esperaba &lt;(null)&gt;, pero es &lt;Super.CryPresupuesto&gt;. </Message>
          <StackTrace>   en TestProject1.CachedCryPresupuestoTest.CreateReportTest() en D:\Proyectos.Net\Electrodomesticos\TestProject1\CachedCryPresupuestoTest.vb:línea 130
</StackTrace>
        </ErrorInfo>
      </Output>
    </UnitTestResult>
    <UnitTestResult executionId="06aadfeb-e742-4766-bd6d-74d1359cc94f" testId="5df935ca-425b-110e-7545-c5888243e40d" testName="CachedCryPresupuestoConstructorTest" computerName="NTIVAN" duration="00:00:00.0095516" startTime="2016-01-13T08:07:20.1248541-03:00" endTime="2016-01-13T08:07:20.1378616-03:00" testType="13cdc9d9-ddb5-4fa4-a97d-d965ccfc6d4b" outcome="Inconclusive" testListId="8c84fa94-04c1-424b-9868-57a2d4851a1d">
      <Output>
        <ErrorInfo>
          <Message>Error de Assert.Inconclusive. TODO: Implementar código para comprobar el destino</Message>
          <StackTrace>   en TestProject1.CachedCryPresupuestoTest.CachedCryPresupuestoConstructorTest() en D:\Proyectos.Net\Electrodomesticos\TestProject1\CachedCryPresupuestoTest.vb:línea 140
</StackTrace>
        </ErrorInfo>
      </Output>
    </UnitTestResult>
    <UnitTestResult executionId="7b826881-8809-4253-ad33-dba555e1d27c" testId="81171e65-13b3-dfa5-4d5c-4176bfc246b4" testName="ShareDBLogonInfoTest" computerName="NTIVAN" duration="00:00:00.0106766" startTime="2016-01-13T08:07:20.1418654-03:00" endTime="2016-01-13T08:07:20.1568760-03:00" testType="13cdc9d9-ddb5-4fa4-a97d-d965ccfc6d4b" outcome="Inconclusive" testListId="8c84fa94-04c1-424b-9868-57a2d4851a1d">
      <Output>
        <ErrorInfo>
          <Message>Error de Assert.Inconclusive. Compruebe la exactitud de este método de prueba.</Message>
          <StackTrace>   en TestProject1.CachedCryRcuenCliTest.ShareDBLogonInfoTest() en D:\Proyectos.Net\Electrodomesticos\TestProject1\CachedCryRcuenCliTest.vb:línea 76
</StackTrace>
        </ErrorInfo>
      </Output>
    </UnitTestResult>
    <UnitTestResult executionId="7bb0a266-7915-434e-9809-df039301f23c" testId="ba4abc08-a1b7-fe98-b626-723fcacbd3a7" testName="IsCacheableTest" computerName="NTIVAN" duration="00:00:00.0104126" startTime="2016-01-13T08:07:20.1598769-03:00" endTime="2016-01-13T08:07:20.1748863-03:00" testType="13cdc9d9-ddb5-4fa4-a97d-d965ccfc6d4b" outcome="Failed" testListId="8c84fa94-04c1-424b-9868-57a2d4851a1d">
      <Output>
        <ErrorInfo>
          <Message>Error de Assert.AreEqual. Se esperaba &lt;False&gt;, pero es &lt;True&gt;. </Message>
          <StackTrace>   en TestProject1.CachedCryRcuenCliTest.IsCacheableTest() en D:\Proyectos.Net\Electrodomesticos\TestProject1\CachedCryRcuenCliTest.vb:línea 89
</StackTrace>
        </ErrorInfo>
      </Output>
    </UnitTestResult>
    <UnitTestResult executionId="42d542a0-4e29-49a1-bf3e-1f8a5f264654" testId="a4bd3537-8def-4f80-1731-34924e9f5cd7" testName="CacheTimeOutTest" computerName="NTIVAN" duration="00:00:00.0099365" startTime="2016-01-13T08:07:20.1778889-03:00" endTime="2016-01-13T08:07:20.1918987-03:00" testType="13cdc9d9-ddb5-4fa4-a97d-d965ccfc6d4b" outcome="Failed" testListId="8c84fa94-04c1-424b-9868-57a2d4851a1d">
      <Output>
        <ErrorInfo>
          <Message>Error de Assert.AreEqual. Se esperaba &lt;00:00:00&gt;, pero es &lt;02:10:00&gt;. </Message>
          <StackTrace>   en TestProject1.CachedCryRcuenCliTest.CacheTimeOutTest() en D:\Proyectos.Net\Electrodomesticos\TestProject1\CachedCryRcuenCliTest.vb:línea 103
</StackTrace>
        </ErrorInfo>
      </Output>
    </UnitTestResult>
    <UnitTestResult executionId="3cea622b-5e5b-49e9-b8e4-71c4fe40c830" testId="6374bdbb-44fc-ca9d-4ed3-b776eb1d0599" testName="GetCustomizedCacheKeyTest" computerName="NTIVAN" duration="00:00:00.0097569" startTime="2016-01-13T08:07:20.1949002-03:00" endTime="2016-01-13T08:07:20.2089112-03:00" testType="13cdc9d9-ddb5-4fa4-a97d-d965ccfc6d4b" outcome="Failed" testListId="8c84fa94-04c1-424b-9868-57a2d4851a1d">
      <Output>
        <ErrorInfo>
          <Message>Error de Assert.AreEqual. Se esperaba &lt;&gt;, pero es &lt;(null)&gt;. </Message>
          <StackTrace>   en TestProject1.CachedCryRcuenCliTest.GetCustomizedCacheKeyTest() en D:\Proyectos.Net\Electrodomesticos\TestProject1\CachedCryRcuenCliTest.vb:línea 117
</StackTrace>
        </ErrorInfo>
      </Output>
    </UnitTestResult>
    <UnitTestResult executionId="7cb59011-1d23-4b0f-807d-0d26cbe29268" testId="4d40c7a3-99b0-4930-5cca-b071aee9869b" testName="CreateReportTest" computerName="NTIVAN" duration="00:00:00.0123894" startTime="2016-01-13T08:07:20.2139128-03:00" endTime="2016-01-13T08:07:20.2299229-03:00" testType="13cdc9d9-ddb5-4fa4-a97d-d965ccfc6d4b" outcome="Failed" testListId="8c84fa94-04c1-424b-9868-57a2d4851a1d">
      <Output>
        <ErrorInfo>
          <Message>Error de Assert.AreEqual. Se esperaba &lt;(null)&gt;, pero es &lt;Super.CryRcuenCli&gt;. </Message>
          <StackTrace>   en TestProject1.CachedCryRcuenCliTest.CreateReportTest() en D:\Proyectos.Net\Electrodomesticos\TestProject1\CachedCryRcuenCliTest.vb:línea 130
</StackTrace>
        </ErrorInfo>
      </Output>
    </UnitTestResult>
    <UnitTestResult executionId="7bd930f3-17f0-408b-8662-3a8c33ad222c" testId="1b6c8988-4189-eb6b-b27e-e38d9bffe0f8" testName="CachedCryRcuenCliConstructorTest" computerName="NTIVAN" duration="00:00:00.0095111" startTime="2016-01-13T08:07:20.2339279-03:00" endTime="2016-01-13T08:07:20.2469337-03:00" testType="13cdc9d9-ddb5-4fa4-a97d-d965ccfc6d4b" outcome="Inconclusive" testListId="8c84fa94-04c1-424b-9868-57a2d4851a1d">
      <Output>
        <ErrorInfo>
          <Message>Error de Assert.Inconclusive. TODO: Implementar código para comprobar el destino</Message>
          <StackTrace>   en TestProject1.CachedCryRcuenCliTest.CachedCryRcuenCliConstructorTest() en D:\Proyectos.Net\Electrodomesticos\TestProject1\CachedCryRcuenCliTest.vb:línea 140
</StackTrace>
        </ErrorInfo>
      </Output>
    </UnitTestResult>
    <UnitTestResult executionId="2c232cc0-46af-4647-a15c-d3465a9b82ed" testId="1dc52c5d-3e37-e198-b650-867f9ba58074" testName="ShareDBLogonInfoTest" computerName="NTIVAN" duration="00:00:00.0110803" startTime="2016-01-13T08:07:20.2509398-03:00" endTime="2016-01-13T08:07:20.2649468-03:00" testType="13cdc9d9-ddb5-4fa4-a97d-d965ccfc6d4b" outcome="Inconclusive" testListId="8c84fa94-04c1-424b-9868-57a2d4851a1d">
      <Output>
        <ErrorInfo>
          <Message>Error de Assert.Inconclusive. Compruebe la exactitud de este método de prueba.</Message>
          <StackTrace>   en TestProject1.CachedCryRcuenProTest.ShareDBLogonInfoTest() en D:\Proyectos.Net\Electrodomesticos\TestProject1\CachedCryRcuenProTest.vb:línea 76
</StackTrace>
        </ErrorInfo>
      </Output>
    </UnitTestResult>
    <UnitTestResult executionId="c6d395ac-f53f-4ef1-96f8-d02bb524c620" testId="441c275f-c39b-d2e3-ab42-db14ee4f6dc8" testName="IsCacheableTest" computerName="NTIVAN" duration="00:00:00.0097552" startTime="2016-01-13T08:07:20.2689489-03:00" endTime="2016-01-13T08:07:20.2819575-03:00" testType="13cdc9d9-ddb5-4fa4-a97d-d965ccfc6d4b" outcome="Failed" testListId="8c84fa94-04c1-424b-9868-57a2d4851a1d">
      <Output>
        <ErrorInfo>
          <Message>Error de Assert.AreEqual. Se esperaba &lt;False&gt;, pero es &lt;True&gt;. </Message>
          <StackTrace>   en TestProject1.CachedCryRcuenProTest.IsCacheableTest() en D:\Proyectos.Net\Electrodomesticos\TestProject1\CachedCryRcuenProTest.vb:línea 89
</StackTrace>
        </ErrorInfo>
      </Output>
    </UnitTestResult>
    <UnitTestResult executionId="e55b8f7c-5e11-4da9-b660-ad625413dfd8" testId="fef00f9b-0352-e80f-0b91-72a3cc1f81c0" testName="CacheTimeOutTest" computerName="NTIVAN" duration="00:00:00.0102124" startTime="2016-01-13T08:07:20.2859608-03:00" endTime="2016-01-13T08:07:20.2999707-03:00" testType="13cdc9d9-ddb5-4fa4-a97d-d965ccfc6d4b" outcome="Failed" testListId="8c84fa94-04c1-424b-9868-57a2d4851a1d">
      <Output>
        <ErrorInfo>
          <Message>Error de Assert.AreEqual. Se esperaba &lt;00:00:00&gt;, pero es &lt;02:10:00&gt;. </Message>
          <StackTrace>   en TestProject1.CachedCryRcuenProTest.CacheTimeOutTest() en D:\Proyectos.Net\Electrodomesticos\TestProject1\CachedCryRcuenProTest.vb:línea 103
</StackTrace>
        </ErrorInfo>
      </Output>
    </UnitTestResult>
    <UnitTestResult executionId="ffb43f20-f2d5-44a9-b90c-afe755b736a6" testId="059b06d8-72ff-d18a-8faa-030264bb8bb1" testName="GetCustomizedCacheKeyTest" computerName="NTIVAN" duration="00:00:00.0107997" startTime="2016-01-13T08:07:20.3039728-03:00" endTime="2016-01-13T08:07:20.3189833-03:00" testType="13cdc9d9-ddb5-4fa4-a97d-d965ccfc6d4b" outcome="Failed" testListId="8c84fa94-04c1-424b-9868-57a2d4851a1d">
      <Output>
        <ErrorInfo>
          <Message>Error de Assert.AreEqual. Se esperaba &lt;&gt;, pero es &lt;(null)&gt;. </Message>
          <StackTrace>   en TestProject1.CachedCryRcuenProTest.GetCustomizedCacheKeyTest() en D:\Proyectos.Net\Electrodomesticos\TestProject1\CachedCryRcuenProTest.vb:línea 117
</StackTrace>
        </ErrorInfo>
      </Output>
    </UnitTestResult>
    <UnitTestResult executionId="9851618b-3c55-4dd6-b9a4-e2579f2e48b8" testId="48ca33b3-10a1-0e5e-7c11-db830395c0b4" testName="CreateReportTest" computerName="NTIVAN" duration="00:00:00.0124698" startTime="2016-01-13T08:07:20.3219865-03:00" endTime="2016-01-13T08:07:20.3379965-03:00" testType="13cdc9d9-ddb5-4fa4-a97d-d965ccfc6d4b" outcome="Failed" testListId="8c84fa94-04c1-424b-9868-57a2d4851a1d">
      <Output>
        <ErrorInfo>
          <Message>Error de Assert.AreEqual. Se esperaba &lt;(null)&gt;, pero es &lt;Super.CryRcuenPro&gt;. </Message>
          <StackTrace>   en TestProject1.CachedCryRcuenProTest.CreateReportTest() en D:\Proyectos.Net\Electrodomesticos\TestProject1\CachedCryRcuenProTest.vb:línea 130
</StackTrace>
        </ErrorInfo>
      </Output>
    </UnitTestResult>
    <UnitTestResult executionId="6fb22306-9cca-4b3d-bda0-e5db4f009318" testId="a883e6cb-2eb2-7d7c-5bee-8183ad325696" testName="CachedCryRcuenProConstructorTest" computerName="NTIVAN" duration="00:00:00.0093292" startTime="2016-01-13T08:07:20.3430010-03:00" endTime="2016-01-13T08:07:20.3560091-03:00" testType="13cdc9d9-ddb5-4fa4-a97d-d965ccfc6d4b" outcome="Inconclusive" testListId="8c84fa94-04c1-424b-9868-57a2d4851a1d">
      <Output>
        <ErrorInfo>
          <Message>Error de Assert.Inconclusive. TODO: Implementar código para comprobar el destino</Message>
          <StackTrace>   en TestProject1.CachedCryRcuenProTest.CachedCryRcuenProConstructorTest() en D:\Proyectos.Net\Electrodomesticos\TestProject1\CachedCryRcuenProTest.vb:línea 140
</StackTrace>
        </ErrorInfo>
      </Output>
    </UnitTestResult>
    <UnitTestResult executionId="d03e8041-9a8a-407e-8de1-c7888e8b90b5" testId="872cf683-6b93-cca5-b2ea-1cfc270ce02c" testName="ShareDBLogonInfoTest" computerName="NTIVAN" duration="00:00:00.0105871" startTime="2016-01-13T08:07:20.3600123-03:00" endTime="2016-01-13T08:07:20.3740205-03:00" testType="13cdc9d9-ddb5-4fa4-a97d-d965ccfc6d4b" outcome="Inconclusive" testListId="8c84fa94-04c1-424b-9868-57a2d4851a1d">
      <Output>
        <ErrorInfo>
          <Message>Error de Assert.Inconclusive. Compruebe la exactitud de este método de prueba.</Message>
          <StackTrace>   en TestProject1.CachedCryReciboTest.ShareDBLogonInfoTest() en D:\Proyectos.Net\Electrodomesticos\TestProject1\CachedCryReciboTest.vb:línea 76
</StackTrace>
        </ErrorInfo>
      </Output>
    </UnitTestResult>
    <UnitTestResult executionId="02ed929c-6a51-400c-a4d7-e55d3a6745e9" testId="2e7637f6-522d-7840-755d-30282e72a76f" testName="IsCacheableTest" computerName="NTIVAN" duration="00:00:00.0097877" startTime="2016-01-13T08:07:20.3780249-03:00" endTime="2016-01-13T08:07:20.3910301-03:00" testType="13cdc9d9-ddb5-4fa4-a97d-d965ccfc6d4b" outcome="Failed" testListId="8c84fa94-04c1-424b-9868-57a2d4851a1d">
      <Output>
        <ErrorInfo>
          <Message>Error de Assert.AreEqual. Se esperaba &lt;False&gt;, pero es &lt;True&gt;. </Message>
          <StackTrace>   en TestProject1.CachedCryReciboTest.IsCacheableTest() en D:\Proyectos.Net\Electrodomesticos\TestProject1\CachedCryReciboTest.vb:línea 89
</StackTrace>
        </ErrorInfo>
      </Output>
    </UnitTestResult>
    <UnitTestResult executionId="20f4f794-de59-4ed1-b858-7a9872ddb657" testId="f0c2a327-90b5-96fa-e792-d6b2243b094d" testName="CacheTimeOutTest" computerName="NTIVAN" duration="00:00:00.0112941" startTime="2016-01-13T08:07:20.3950334-03:00" endTime="2016-01-13T08:07:20.4110446-03:00" testType="13cdc9d9-ddb5-4fa4-a97d-d965ccfc6d4b" outcome="Failed" testListId="8c84fa94-04c1-424b-9868-57a2d4851a1d">
      <Output>
        <ErrorInfo>
          <Message>Error de Assert.AreEqual. Se esperaba &lt;00:00:00&gt;, pero es &lt;02:10:00&gt;. </Message>
          <StackTrace>   en TestProject1.CachedCryReciboTest.CacheTimeOutTest() en D:\Proyectos.Net\Electrodomesticos\TestProject1\CachedCryReciboTest.vb:línea 103
</StackTrace>
        </ErrorInfo>
      </Output>
    </UnitTestResult>
    <UnitTestResult executionId="d6d2fc92-ddc9-4c1e-9385-6e18377c6943" testId="f9f3809d-e0ab-887c-e1be-efe95001befe" testName="GetCustomizedCacheKeyTest" computerName="NTIVAN" duration="00:00:00.0098538" startTime="2016-01-13T08:07:20.4150467-03:00" endTime="2016-01-13T08:07:20.4280559-03:00" testType="13cdc9d9-ddb5-4fa4-a97d-d965ccfc6d4b" outcome="Failed" testListId="8c84fa94-04c1-424b-9868-57a2d4851a1d">
      <Output>
        <ErrorInfo>
          <Message>Error de Assert.AreEqual. Se esperaba &lt;&gt;, pero es &lt;(null)&gt;. </Message>
          <StackTrace>   en TestProject1.CachedCryReciboTest.GetCustomizedCacheKeyTest() en D:\Proyectos.Net\Electrodomesticos\TestProject1\CachedCryReciboTest.vb:línea 117
</StackTrace>
        </ErrorInfo>
      </Output>
    </UnitTestResult>
    <UnitTestResult executionId="1ff19e6a-b825-4054-9ed6-5e02b5ec35de" testId="3c43767c-9985-e5c5-7666-b7f244210708" testName="CreateReportTest" computerName="NTIVAN" duration="00:00:00.0122001" startTime="2016-01-13T08:07:20.4320586-03:00" endTime="2016-01-13T08:07:20.4480692-03:00" testType="13cdc9d9-ddb5-4fa4-a97d-d965ccfc6d4b" outcome="Failed" testListId="8c84fa94-04c1-424b-9868-57a2d4851a1d">
      <Output>
        <ErrorInfo>
          <Message>Error de Assert.AreEqual. Se esperaba &lt;(null)&gt;, pero es &lt;Super.CryRecibo&gt;. </Message>
          <StackTrace>   en TestProject1.CachedCryReciboTest.CreateReportTest() en D:\Proyectos.Net\Electrodomesticos\TestProject1\CachedCryReciboTest.vb:línea 130
</StackTrace>
        </ErrorInfo>
      </Output>
    </UnitTestResult>
    <UnitTestResult executionId="474cc383-a1f4-433c-b3f4-a121db167879" testId="0055ee27-db03-15f0-b36a-b90c6f40ca44" testName="CachedCryReciboConstructorTest" computerName="NTIVAN" duration="00:00:00.0091998" startTime="2016-01-13T08:07:20.4520713-03:00" endTime="2016-01-13T08:07:20.4650806-03:00" testType="13cdc9d9-ddb5-4fa4-a97d-d965ccfc6d4b" outcome="Inconclusive" testListId="8c84fa94-04c1-424b-9868-57a2d4851a1d">
      <Output>
        <ErrorInfo>
          <Message>Error de Assert.Inconclusive. TODO: Implementar código para comprobar el destino</Message>
          <StackTrace>   en TestProject1.CachedCryReciboTest.CachedCryReciboConstructorTest() en D:\Proyectos.Net\Electrodomesticos\TestProject1\CachedCryReciboTest.vb:línea 140
</StackTrace>
        </ErrorInfo>
      </Output>
    </UnitTestResult>
    <UnitTestResult executionId="a4e4f1e4-d34a-4394-a87c-2b1c0d53b18a" testId="0308a57f-dab5-0109-ff7c-779e3e578ffc" testName="ShareDBLogonInfoTest" computerName="NTIVAN" duration="00:00:00.0119777" startTime="2016-01-13T08:07:20.4680826-03:00" endTime="2016-01-13T08:07:20.4840921-03:00" testType="13cdc9d9-ddb5-4fa4-a97d-d965ccfc6d4b" outcome="Inconclusive" testListId="8c84fa94-04c1-424b-9868-57a2d4851a1d">
      <Output>
        <ErrorInfo>
          <Message>Error de Assert.Inconclusive. Compruebe la exactitud de este método de prueba.</Message>
          <StackTrace>   en TestProject1.CachedCryRemitoTest.ShareDBLogonInfoTest() en D:\Proyectos.Net\Electrodomesticos\TestProject1\CachedCryRemitoTest.vb:línea 76
</StackTrace>
        </ErrorInfo>
      </Output>
    </UnitTestResult>
    <UnitTestResult executionId="a802d608-3927-43b6-aa28-9324ddda8347" testId="f151f9c6-33e6-1ba4-c913-985f6e42a4ce" testName="IsCacheableTest" computerName="NTIVAN" duration="00:00:00.0095334" startTime="2016-01-13T08:07:20.4880953-03:00" endTime="2016-01-13T08:07:20.5021035-03:00" testType="13cdc9d9-ddb5-4fa4-a97d-d965ccfc6d4b" outcome="Failed" testListId="8c84fa94-04c1-424b-9868-57a2d4851a1d">
      <Output>
        <ErrorInfo>
          <Message>Error de Assert.AreEqual. Se esperaba &lt;False&gt;, pero es &lt;True&gt;. </Message>
          <StackTrace>   en TestProject1.CachedCryRemitoTest.IsCacheableTest() en D:\Proyectos.Net\Electrodomesticos\TestProject1\CachedCryRemitoTest.vb:línea 89
</StackTrace>
        </ErrorInfo>
      </Output>
    </UnitTestResult>
    <UnitTestResult executionId="fc17a98d-616b-4b62-87fa-ec3a34f3dd45" testId="ae1df9b5-0bc2-98c9-8dce-3811aeb16f39" testName="CacheTimeOutTest" computerName="NTIVAN" duration="00:00:00.0097067" startTime="2016-01-13T08:07:20.5061084-03:00" endTime="2016-01-13T08:07:20.5211167-03:00" testType="13cdc9d9-ddb5-4fa4-a97d-d965ccfc6d4b" outcome="Failed" testListId="8c84fa94-04c1-424b-9868-57a2d4851a1d">
      <Output>
        <ErrorInfo>
          <Message>Error de Assert.AreEqual. Se esperaba &lt;00:00:00&gt;, pero es &lt;02:10:00&gt;. </Message>
          <StackTrace>   en TestProject1.CachedCryRemitoTest.CacheTimeOutTest() en D:\Proyectos.Net\Electrodomesticos\TestProject1\CachedCryRemitoTest.vb:línea 103
</StackTrace>
        </ErrorInfo>
      </Output>
    </UnitTestResult>
    <UnitTestResult executionId="9d47827a-227a-4c9b-931d-06ef18e9436a" testId="ee6191bd-2685-9940-ab51-815288298a19" testName="GetCustomizedCacheKeyTest" computerName="NTIVAN" duration="00:00:00.0097512" startTime="2016-01-13T08:07:20.5251199-03:00" endTime="2016-01-13T08:07:20.5381286-03:00" testType="13cdc9d9-ddb5-4fa4-a97d-d965ccfc6d4b" outcome="Failed" testListId="8c84fa94-04c1-424b-9868-57a2d4851a1d">
      <Output>
        <ErrorInfo>
          <Message>Error de Assert.AreEqual. Se esperaba &lt;&gt;, pero es &lt;(null)&gt;. </Message>
          <StackTrace>   en TestProject1.CachedCryRemitoTest.GetCustomizedCacheKeyTest() en D:\Proyectos.Net\Electrodomesticos\TestProject1\CachedCryRemitoTest.vb:línea 117
</StackTrace>
        </ErrorInfo>
      </Output>
    </UnitTestResult>
    <UnitTestResult executionId="175200ee-9f62-46ac-9180-169cc927934d" testId="1847a43c-1537-d8c4-724e-1b749234b0c3" testName="CreateReportTest" computerName="NTIVAN" duration="00:00:00.0134693" startTime="2016-01-13T08:07:20.5431314-03:00" endTime="2016-01-13T08:07:20.5591483-03:00" testType="13cdc9d9-ddb5-4fa4-a97d-d965ccfc6d4b" outcome="Failed" testListId="8c84fa94-04c1-424b-9868-57a2d4851a1d">
      <Output>
        <ErrorInfo>
          <Message>Error de Assert.AreEqual. Se esperaba &lt;(null)&gt;, pero es &lt;Super.CryRemito&gt;. </Message>
          <StackTrace>   en TestProject1.CachedCryRemitoTest.CreateReportTest() en D:\Proyectos.Net\Electrodomesticos\TestProject1\CachedCryRemitoTest.vb:línea 130
</StackTrace>
        </ErrorInfo>
      </Output>
    </UnitTestResult>
    <UnitTestResult executionId="52cd1fe5-6142-4923-bbe9-7f058a2bd503" testId="9f32a4c5-7476-733b-93d9-a2bdd97616c4" testName="CachedCryRemitoConstructorTest" computerName="NTIVAN" duration="00:00:00.0094934" startTime="2016-01-13T08:07:20.5631453-03:00" endTime="2016-01-13T08:07:20.5761551-03:00" testType="13cdc9d9-ddb5-4fa4-a97d-d965ccfc6d4b" outcome="Inconclusive" testListId="8c84fa94-04c1-424b-9868-57a2d4851a1d">
      <Output>
        <ErrorInfo>
          <Message>Error de Assert.Inconclusive. TODO: Implementar código para comprobar el destino</Message>
          <StackTrace>   en TestProject1.CachedCryRemitoTest.CachedCryRemitoConstructorTest() en D:\Proyectos.Net\Electrodomesticos\TestProject1\CachedCryRemitoTest.vb:línea 140
</StackTrace>
        </ErrorInfo>
      </Output>
    </UnitTestResult>
    <UnitTestResult executionId="6a83c4cb-d16b-48fc-8ae9-7b9994244d06" testId="045954f0-58a1-44d3-7628-f98a7662279f" testName="ShareDBLogonInfoTest" computerName="NTIVAN" duration="00:00:00.0109622" startTime="2016-01-13T08:07:20.5801571-03:00" endTime="2016-01-13T08:07:20.5951660-03:00" testType="13cdc9d9-ddb5-4fa4-a97d-d965ccfc6d4b" outcome="Inconclusive" testListId="8c84fa94-04c1-424b-9868-57a2d4851a1d">
      <Output>
        <ErrorInfo>
          <Message>Error de Assert.Inconclusive. Compruebe la exactitud de este método de prueba.</Message>
          <StackTrace>   en TestProject1.CachedCrySaldosTest.ShareDBLogonInfoTest() en D:\Proyectos.Net\Electrodomesticos\TestProject1\CachedCrySaldosTest.vb:línea 76
</StackTrace>
        </ErrorInfo>
      </Output>
    </UnitTestResult>
    <UnitTestResult executionId="f9962944-b81b-43fa-a35d-8bc94f2b6fa3" testId="d222b6da-dd5f-6429-69cb-14ed4233f081" testName="IsCacheableTest" computerName="NTIVAN" duration="00:00:00.0093059" startTime="2016-01-13T08:07:20.6172325-03:00" endTime="2016-01-13T08:07:20.6302406-03:00" testType="13cdc9d9-ddb5-4fa4-a97d-d965ccfc6d4b" outcome="Failed" testListId="8c84fa94-04c1-424b-9868-57a2d4851a1d">
      <Output>
        <ErrorInfo>
          <Message>Error de Assert.AreEqual. Se esperaba &lt;False&gt;, pero es &lt;True&gt;. </Message>
          <StackTrace>   en TestProject1.CachedCrySaldosTest.IsCacheableTest() en D:\Proyectos.Net\Electrodomesticos\TestProject1\CachedCrySaldosTest.vb:línea 89
</StackTrace>
        </ErrorInfo>
      </Output>
    </UnitTestResult>
    <UnitTestResult executionId="4c34f148-d97d-4ac4-bf5b-4325a26c1644" testId="525954ae-6196-8150-bd45-f4500d77c2d7" testName="CacheTimeOutTest" computerName="NTIVAN" duration="00:00:00.0098162" startTime="2016-01-13T08:07:20.6332426-03:00" endTime="2016-01-13T08:07:20.6472531-03:00" testType="13cdc9d9-ddb5-4fa4-a97d-d965ccfc6d4b" outcome="Failed" testListId="8c84fa94-04c1-424b-9868-57a2d4851a1d">
      <Output>
        <ErrorInfo>
          <Message>Error de Assert.AreEqual. Se esperaba &lt;00:00:00&gt;, pero es &lt;02:10:00&gt;. </Message>
          <StackTrace>   en TestProject1.CachedCrySaldosTest.CacheTimeOutTest() en D:\Proyectos.Net\Electrodomesticos\TestProject1\CachedCrySaldosTest.vb:línea 103
</StackTrace>
        </ErrorInfo>
      </Output>
    </UnitTestResult>
    <UnitTestResult executionId="fa1ddd22-d7af-4ca1-9d29-e3a333000c4a" testId="aed3dc00-ed5a-cfea-bcf3-4aca543a63ee" testName="GetCustomizedCacheKeyTest" computerName="NTIVAN" duration="00:00:00.0093600" startTime="2016-01-13T08:07:20.6693287-03:00" endTime="2016-01-13T08:07:20.6823357-03:00" testType="13cdc9d9-ddb5-4fa4-a97d-d965ccfc6d4b" outcome="Failed" testListId="8c84fa94-04c1-424b-9868-57a2d4851a1d">
      <Output>
        <ErrorInfo>
          <Message>Error de Assert.AreEqual. Se esperaba &lt;&gt;, pero es &lt;(null)&gt;. </Message>
          <StackTrace>   en TestProject1.CachedCrySaldosTest.GetCustomizedCacheKeyTest() en D:\Proyectos.Net\Electrodomesticos\TestProject1\CachedCrySaldosTest.vb:línea 117
</StackTrace>
        </ErrorInfo>
      </Output>
    </UnitTestResult>
    <UnitTestResult executionId="489242e4-28a4-41ef-b6f2-37469fd112cf" testId="76810870-2418-1636-bbe8-930c32d5ff8f" testName="CreateReportTest" computerName="NTIVAN" duration="00:00:00.0123518" startTime="2016-01-13T08:07:20.6863401-03:00" endTime="2016-01-13T08:07:20.7023501-03:00" testType="13cdc9d9-ddb5-4fa4-a97d-d965ccfc6d4b" outcome="Failed" testListId="8c84fa94-04c1-424b-9868-57a2d4851a1d">
      <Output>
        <ErrorInfo>
          <Message>Error de Assert.AreEqual. Se esperaba &lt;(null)&gt;, pero es &lt;Super.CrySaldos&gt;. </Message>
          <StackTrace>   en TestProject1.CachedCrySaldosTest.CreateReportTest() en D:\Proyectos.Net\Electrodomesticos\TestProject1\CachedCrySaldosTest.vb:línea 130
</StackTrace>
        </ErrorInfo>
      </Output>
    </UnitTestResult>
    <UnitTestResult executionId="aae8c95a-cb72-4d58-9b7c-ad64778b8434" testId="a436d66d-8ea9-e3be-7bdd-223c4e68e53a" testName="CachedCrySaldosConstructorTest" computerName="NTIVAN" duration="00:00:00.0132931" startTime="2016-01-13T08:07:20.7053516-03:00" endTime="2016-01-13T08:07:20.7273662-03:00" testType="13cdc9d9-ddb5-4fa4-a97d-d965ccfc6d4b" outcome="Inconclusive" testListId="8c84fa94-04c1-424b-9868-57a2d4851a1d">
      <Output>
        <ErrorInfo>
          <Message>Error de Assert.Inconclusive. TODO: Implementar código para comprobar el destino</Message>
          <StackTrace>   en TestProject1.CachedCrySaldosTest.CachedCrySaldosConstructorTest() en D:\Proyectos.Net\Electrodomesticos\TestProject1\CachedCrySaldosTest.vb:línea 140
</StackTrace>
        </ErrorInfo>
      </Output>
    </UnitTestResult>
    <UnitTestResult executionId="93deaeed-eefe-4d6e-bf69-964722020deb" testId="43c8ba4e-d1db-64fe-fd99-094edca978cf" testName="DtcRecibo_ComprobanteDataTableConstructorTest" computerName="NTIVAN" duration="00:00:00.1196026" startTime="2016-01-13T08:07:20.7323696-03:00" endTime="2016-01-13T08:07:20.8554515-03:00" testType="13cdc9d9-ddb5-4fa4-a97d-d965ccfc6d4b" outcome="Failed" testListId="8c84fa94-04c1-424b-9868-57a2d4851a1d">
      <Output>
        <ErrorInfo>
          <Message>El método de prueba TestProject1.DtcRecibo_ComprobanteDataTableTest.DtcRecibo_ComprobanteDataTableConstructorTest produjo la excepción:  System.NullReferenceException: Referencia a objeto no establecida como instancia de un objeto..</Message>
          <StackTrace>    en System.Data.DataTable..ctor(SerializationInfo info, StreamingContext context)
   en System.Data.TypedTableBase`1..ctor(SerializationInfo info, StreamingContext context)
   en Super.DtcRecibo.ComprobanteDataTable..ctor(SerializationInfo info, StreamingContext context) en D:\Proyectos.Net\Electrodomesticos\Dataset\DtcRecibo.Designer.vb:línea 732
   en Super.DtcRecibo_Accessor.ComprobanteDataTable..ctor(SerializationInfo info, StreamingContext context)
   en TestProject1.DtcRecibo_ComprobanteDataTableTest.DtcRecibo_ComprobanteDataTableConstructorTest() en D:\Proyectos.Net\Electrodomesticos\TestProject1\DtcRecibo_ComprobanteDataTableTest.vb:línea 67
</StackTrace>
        </ErrorInfo>
      </Output>
    </UnitTestResult>
  </Results>
</TestRun>